Project Information                               i:\prj\vhdl\maxplus\ann1.rpt

MAX+plus II Compiler Report File
Version 10.2 07/10/2002
Compiled: 12/24/2021 09:13:24

Copyright (C) 1988-2002 Altera Corporation
Any megafunction design, and related net list (encrypted or decrypted),
support information, device programming or simulation file, and any other
associated documentation or information provided by Altera or a partner
under Altera's Megafunction Partnership Program may be used only to
program PLD devices (but not masked PLD devices) from Altera.  Any other
use of such megafunction design, net list, support information, device
programming or simulation file, or any other related documentation or
information is prohibited for any other purpose, including, but not
limited to modification, reverse engineering, de-compiling, or use with
any other silicon devices, unless such use is explicitly licensed under
a separate agreement with Altera or a megafunction partner.  Title to
the intellectual property, including patents, copyrights, trademarks,
trade secrets, or maskworks, embodied in any such megafunction design,
net list, support information, device programming or simulation file, or
any other related documentation or information provided by Altera or a
megafunction partner, remains with Altera, the megafunction partner, or
their respective licensors.  No other licenses, including any licenses
needed under any third party's intellectual property, are provided herein.



***** Project compilation was unsuccessful


ANN1


** DEVICE SUMMARY **

Chip/                     Input   Output   Bidir         Shareable
POF       Device          Pins    Pins     Pins     LCs  Expanders  % Utilized

ann1      EPM7096QC100-7   96       1        0      149     105         No Fit

User Pins:                 96       1        0  



Project Information                               i:\prj\vhdl\maxplus\ann1.rpt

** PROJECT COMPILATION MESSAGES **

Error: Project does not fit in specified device(s)
Error: No fit found, generating Report File

(See individual chip error summaries for additional information)

Project Information                               i:\prj\vhdl\maxplus\ann1.rpt

** FILE HIERARCHY **



|lpm_add_sub:259|
|lpm_add_sub:259|addcore:adder|
|lpm_add_sub:259|addcore:adder|addcore:adder3|
|lpm_add_sub:259|addcore:adder|addcore:adder2|
|lpm_add_sub:259|addcore:adder|addcore:adder1|
|lpm_add_sub:259|addcore:adder|addcore:adder0|
|lpm_add_sub:259|altshift:result_ext_latency_ffs|
|lpm_add_sub:259|altshift:carry_ext_latency_ffs|
|lpm_add_sub:259|altshift:oflow_ext_latency_ffs|


Device-Specific Information:                      i:\prj\vhdl\maxplus\ann1.rpt
ann1

***** Logic for device 'ann1' contains errors -- see ERROR SUMMARY.




Device: EPM7096QC100-7

Device Options:
    Turbo Bit                                    = ON
    Security Bit                                 = OFF
    MultiVolt I/O                              = OFF



Device-Specific Information:                      i:\prj\vhdl\maxplus\ann1.rpt
ann1

** ERROR SUMMARY **

Error: Project requires too many (97/76) I/O pins
Error: Project requires too many (149/96) logic cells
Error: Project requires too many (146/96) shareable expanders


Device-Specific Information:                      i:\prj\vhdl\maxplus\ann1.rpt
ann1

** RESOURCE USAGE **

                                                Shareable     External
Logic Array Block     Logic Cells   I/O Pins    Expanders   Interconnect

A:     LC1 - LC16     0/16(  0%)   0/12(  0%)   0/16(  0%)   0/36(  0%) 
B:    LC17 - LC32     0/16(  0%)   0/12(  0%)   0/16(  0%)   0/36(  0%) 
C:    LC33 - LC48     0/16(  0%)   0/12(  0%)   0/16(  0%)   0/36(  0%) 
D:    LC49 - LC64     0/16(  0%)   0/12(  0%)   0/16(  0%)   0/36(  0%) 
E:    LC65 - LC80     0/16(  0%)   0/12(  0%)   0/16(  0%)   0/36(  0%) 
F:    LC81 - LC96     0/16(  0%)   0/12(  0%)   0/16(  0%)   0/36(  0%) 


Total dedicated input pins used:                 0/4      (  0%)
Total I/O pins used:                             0/72     (  0%)
Total logic cells used:                          0/96     (  0%)
Total shareable expanders used:                  0/96     (  0%)
Total Turbo logic cells used:                  149/96     (155%)
Total shareable expanders not available (n/a):  41/96     ( 42%)
Average fan-in:                                  6.68
Total fan-in:                                   996

Total input pins required:                      96
Total output pins required:                      1
Total bidirectional pins required:               0
Total logic cells required:                    149
Total flipflops required:                        0
Total product terms required:                  431
Total logic cells lending parallel expanders:    0
Total shareable expanders in database:         105

Synthesized logic cells:                        91/  96   ( 94%)



Device-Specific Information:                      i:\prj\vhdl\maxplus\ann1.rpt
ann1

** INPUTS **

                                         Shareable
                                         Expanders     Fan-In    Fan-Out
 Pin     LC  LAB  Primitive    Code   Total Shared n/a INP  FBK  OUT  FBK  Name
  ??      -   ??      INPUT               0      0   0    0    0    0    5  A0
  ??      -   ??      INPUT               0      0   0    0    0    0    4  A1
  ??      -   ??      INPUT               0      0   0    0    0    0    3  A2
  ??      -   ??      INPUT               0      0   0    0    0    0    2  A3
  ??      -   ??      INPUT               0      0   0    0    0    0    9  A4
  ??      -   ??      INPUT               0      0   0    0    0    0    8  A5
  ??      -   ??      INPUT               0      0   0    0    0    0    7  A6
  ??      -   ??      INPUT               0      0   0    0    0    0    3  A7
  ??      -   ??      INPUT               0      0   0    0    0    0   14  A8
  ??      -   ??      INPUT               0      0   0    0    0    0   14  A9
  ??      -   ??      INPUT               0      0   0    0    0    0   13  A10
  ??      -   ??      INPUT               0      0   0    0    0    0   10  A11
  ??      -   ??      INPUT               0      0   0    0    0    0   14  A12
  ??      -   ??      INPUT               0      0   0    0    0    0   16  A13
  ??      -   ??      INPUT               0      0   0    0    0    0    7  A14
  ??      -   ??      INPUT               0      0   0    0    0    0    3  A15
  ??      -   ??      INPUT               0      0   0    0    0    0   14  A16
  ??      -   ??      INPUT               0      0   0    0    0    0   14  A17
  ??      -   ??      INPUT               0      0   0    0    0    0   13  A18
  ??      -   ??      INPUT               0      0   0    0    0    0   10  A19
  ??      -   ??      INPUT               0      0   0    0    0    0   11  A20
  ??      -   ??      INPUT               0      0   0    0    0    0    8  A21
  ??      -   ??      INPUT               0      0   0    0    0    0    5  A22
  ??      -   ??      INPUT               0      0   0    0    0    0    5  A23
  ??      -   ??      INPUT               0      0   0    0    0    0   10  A24
  ??      -   ??      INPUT               0      0   0    0    0    0    9  A25
  ??      -   ??      INPUT               0      0   0    0    0    0   10  A26
  ??      -   ??      INPUT               0      0   0    0    0    0    9  A27
  ??      -   ??      INPUT               0      0   0    0    0    0    5  A28
  ??      -   ??      INPUT               0      0   0    0    0    0    4  A29
  ??      -   ??      INPUT               0      0   0    0    0    0    3  A30
  ??      -   ??      INPUT               0      0   0    0    0    0    1  A31
  ??      -   ??      INPUT               0      0   0    0    0    0    5  B0
  ??      -   ??      INPUT               0      0   0    0    0    0    4  B1
  ??      -   ??      INPUT               0      0   0    0    0    0    3  B2
  ??      -   ??      INPUT               0      0   0    0    0    0    2  B3
  ??      -   ??      INPUT               0      0   0    0    0    0    9  B4
  ??      -   ??      INPUT               0      0   0    0    0    0    8  B5
  ??      -   ??      INPUT               0      0   0    0    0    0    7  B6
  ??      -   ??      INPUT               0      0   0    0    0    0    3  B7
  ??      -   ??      INPUT               0      0   0    0    0    0   14  B8
  ??      -   ??      INPUT               0      0   0    0    0    0   14  B9
  ??      -   ??      INPUT               0      0   0    0    0    0   13  B10
  ??      -   ??      INPUT               0      0   0    0    0    0   10  B11
  ??      -   ??      INPUT               0      0   0    0    0    0   14  B12
  ??      -   ??      INPUT               0      0   0    0    0    0   16  B13
  ??      -   ??      INPUT               0      0   0    0    0    0    7  B14
  ??      -   ??      INPUT               0      0   0    0    0    0    3  B15
  ??      -   ??      INPUT               0      0   0    0    0    0   14  B16
  ??      -   ??      INPUT               0      0   0    0    0    0   14  B17
  ??      -   ??      INPUT               0      0   0    0    0    0   13  B18
  ??      -   ??      INPUT               0      0   0    0    0    0   10  B19
  ??      -   ??      INPUT               0      0   0    0    0    0   11  B20
  ??      -   ??      INPUT               0      0   0    0    0    0    8  B21
  ??      -   ??      INPUT               0      0   0    0    0    0    5  B22
  ??      -   ??      INPUT               0      0   0    0    0    0    5  B23
  ??      -   ??      INPUT               0      0   0    0    0    0   10  B24
  ??      -   ??      INPUT               0      0   0    0    0    0    9  B25
  ??      -   ??      INPUT               0      0   0    0    0    0   10  B26
  ??      -   ??      INPUT               0      0   0    0    0    0    9  B27
  ??      -   ??      INPUT               0      0   0    0    0    0    5  B28
  ??      -   ??      INPUT               0      0   0    0    0    0    4  B29
  ??      -   ??      INPUT               0      0   0    0    0    0    3  B30
  ??      -   ??      INPUT               0      0   0    0    0    0    1  B31
  ??      -   ??      INPUT               0      0   0    0    0    0    8  UMBRAL0
  ??      -   ??      INPUT               0      0   0    0    0    0    8  UMBRAL1
  ??      -   ??      INPUT               0      0   0    0    0    0    9  UMBRAL2
  ??      -   ??      INPUT               0      0   0    0    0    0   10  UMBRAL3
  ??      -   ??      INPUT               0      0   0    0    0    0   10  UMBRAL4
  ??      -   ??      INPUT               0      0   0    0    0    0    2  UMBRAL5
  ??      -   ??      INPUT               0      0   0    0    0    0    1  UMBRAL6
  ??      -   ??      INPUT               0      0   0    0    0    0    3  UMBRAL7
  ??      -   ??      INPUT               0      0   0    0    0    0    3  UMBRAL8
  ??      -   ??      INPUT               0      0   0    0    0    0    3  UMBRAL9
  ??      -   ??      INPUT               0      0   0    0    0    0    2  UMBRAL10
  ??      -   ??      INPUT               0      0   0    0    0    0    7  UMBRAL11
  ??      -   ??      INPUT               0      0   0    0    0    0    9  UMBRAL12
  ??      -   ??      INPUT               0      0   0    0    0    0    9  UMBRAL13
  ??      -   ??      INPUT               0      0   0    0    0    0    1  UMBRAL14
  ??      -   ??      INPUT               0      0   0    0    0    0    3  UMBRAL15
  ??      -   ??      INPUT               0      0   0    0    0    0    3  UMBRAL16
  ??      -   ??      INPUT               0      0   0    0    0    0    3  UMBRAL17
  ??      -   ??      INPUT               0      0   0    0    0    0    1  UMBRAL18
  ??      -   ??      INPUT               0      0   0    0    0    0    3  UMBRAL19
  ??      -   ??      INPUT               0      0   0    0    0    0    3  UMBRAL20
  ??      -   ??      INPUT               0      0   0    0    0    0    3  UMBRAL21
  ??      -   ??      INPUT               0      0   0    0    0    0    3  UMBRAL22
  ??      -   ??      INPUT               0      0   0    0    0    0    3  UMBRAL23
  ??      -   ??      INPUT               0      0   0    0    0    0    4  UMBRAL24
  ??      -   ??      INPUT               0      0   0    0    0    0    2  UMBRAL25
  ??      -   ??      INPUT               0      0   0    0    0    0    2  UMBRAL26
  ??      -   ??      INPUT               0      0   0    0    0    0    1  UMBRAL27
  ??      -   ??      INPUT               0      0   0    0    0    0    2  UMBRAL28
  ??      -   ??      INPUT               0      0   0    0    0    0    2  UMBRAL29
  ??      -   ??      INPUT               0      0   0    0    0    0    2  UMBRAL30
  ??      -   ??      INPUT               0      0   0    0    0    1    1  UMBRAL31


Code:

s = Synthesized pin or logic cell
t = Turbo logic cell
+ = Synchronous flipflop
! = NOT gate push-back
r = Fitter-inserted logic cell


Device-Specific Information:                      i:\prj\vhdl\maxplus\ann1.rpt
ann1

** OUTPUTS **

                                         Shareable
                                         Expanders     Fan-In    Fan-Out
 Pin     LC  LAB  Primitive    Code   Total Shared n/a INP  FBK  OUT  FBK  Name
  ??     ??   ??     OUTPUT      t        1      0   0    1    2    0    0  SAL


Code:

s = Synthesized pin or logic cell
t = Turbo logic cell
+ = Synchronous flipflop
! = NOT gate push-back
r = Fitter-inserted logic cell


Device-Specific Information:                      i:\prj\vhdl\maxplus\ann1.rpt
ann1

** BURIED LOGIC **

                                         Shareable
                                         Expanders     Fan-In    Fan-Out
 Pin     LC  LAB  Primitive    Code   Total Shared n/a INP  FBK  OUT  FBK  Name
   -     ??   ??       SOFT      t        6      5   1    8    1    0   12  |LPM_ADD_SUB:259|addcore:adder|addcore:adder0|cout_node
   -     ??   ??       SOFT      t        2      2   0    6    0    0    1  |LPM_ADD_SUB:259|addcore:adder|addcore:adder0|gcp2
   -     ??   ??       SOFT    s t        0      0   0    2    0    0    1  |LPM_ADD_SUB:259|addcore:adder|addcore:adder0|gn6~1
   -     ??   ??       SOFT      t        1      1   0    4    0    0    1  |LPM_ADD_SUB:259|addcore:adder|addcore:adder0|g2cp1
   -     ??   ??       SOFT      t        2      2   0    6    0    0    1  |LPM_ADD_SUB:259|addcore:adder|addcore:adder0|g2cp2
   -     ??   ??       SOFT      t        4      4   0    8    0    0    7  |LPM_ADD_SUB:259|addcore:adder|addcore:adder0|g4
   -     ??   ??       SOFT      t        0      0   0    2    0    0    1  |LPM_ADD_SUB:259|addcore:adder|addcore:adder0|ps6
   -     ??   ??       SOFT      t        0      0   0    2    0    0    8  |LPM_ADD_SUB:259|addcore:adder|addcore:adder0|result_node0
   -     ??   ??       SOFT      t        2      1   0    4    0    0    8  |LPM_ADD_SUB:259|addcore:adder|addcore:adder0|result_node1
   -     ??   ??       SOFT      t        3      2   0    6    0    0    9  |LPM_ADD_SUB:259|addcore:adder|addcore:adder0|result_node2
   -     ??   ??       SOFT      t        2      2   0    2    1    0   10  |LPM_ADD_SUB:259|addcore:adder|addcore:adder0|result_node3
   -     ??   ??       SOFT      t        2      2   0    2    1    0    9  |LPM_ADD_SUB:259|addcore:adder|addcore:adder0|result_node4
   -     ??   ??       SOFT      t        3      3   0    4    1    0    1  |LPM_ADD_SUB:259|addcore:adder|addcore:adder0|result_node5
   -     ??   ??       SOFT      t        6      5   1    8    1    0    1  |LPM_ADD_SUB:259|addcore:adder|addcore:adder0|result_node7
   -     ??   ??       SOFT    s t        2      2   0    4    2    0    1  |LPM_ADD_SUB:259|addcore:adder|addcore:adder0|tot_cin_node5~1
   -     ??   ??       SOFT    s t        5      4   0    4    1    0    1  |LPM_ADD_SUB:259|addcore:adder|addcore:adder0|~252~1
   -     ??   ??       SOFT    s t        6      5   0    8    2    0    2  |LPM_ADD_SUB:259|addcore:adder|addcore:adder0|~258~1
   -     ??   ??       SOFT      t        9      9   0   16    3    0   13  |LPM_ADD_SUB:259|addcore:adder|addcore:adder1|cout_node
   -     ??   ??       SOFT      t        2      2   0    6    0    0    1  |LPM_ADD_SUB:259|addcore:adder|addcore:adder1|gcp2
   -     ??   ??       SOFT    s t        0      0   0    2    0    0    2  |LPM_ADD_SUB:259|addcore:adder|addcore:adder1|gn2~1
   -     ??   ??       SOFT    s t        0      0   0    2    0    0    4  |LPM_ADD_SUB:259|addcore:adder|addcore:adder1|gn4~1
   -     ??   ??       SOFT    s t        0      0   0    2    0    0    5  |LPM_ADD_SUB:259|addcore:adder|addcore:adder1|gn5~1
   -     ??   ??       SOFT    s t        0      0   0    2    0    0    1  |LPM_ADD_SUB:259|addcore:adder|addcore:adder1|gn6~1
   -     ??   ??       SOFT      t        0      0   0    2    0    0    1  |LPM_ADD_SUB:259|addcore:adder|addcore:adder1|gs1
   -     ??   ??       SOFT      t        2      2   0    4    0    0    1  |LPM_ADD_SUB:259|addcore:adder|addcore:adder1|g2cp1
   -     ??   ??       SOFT      t        2      2   0    6    0    0    3  |LPM_ADD_SUB:259|addcore:adder|addcore:adder1|g2cp2
   -     ??   ??       SOFT      t        4      4   0    8    0    0    6  |LPM_ADD_SUB:259|addcore:adder|addcore:adder1|g4
   -     ??   ??       SOFT      t        0      0   0    2    0    0    1  |LPM_ADD_SUB:259|addcore:adder|addcore:adder1|ps0
   -     ??   ??       SOFT      t        0      0   0    2    0    0    2  |LPM_ADD_SUB:259|addcore:adder|addcore:adder1|ps1
   -     ??   ??       SOFT      t        0      0   0    2    0    0    3  |LPM_ADD_SUB:259|addcore:adder|addcore:adder1|ps2
   -     ??   ??       SOFT      t        0      0   0    2    0    0    1  |LPM_ADD_SUB:259|addcore:adder|addcore:adder1|ps3
   -     ??   ??       SOFT      t        0      0   0    2    0    0    5  |LPM_ADD_SUB:259|addcore:adder|addcore:adder1|ps4
   -     ??   ??       SOFT      t        0      0   0    2    0    0    6  |LPM_ADD_SUB:259|addcore:adder|addcore:adder1|ps5
   -     ??   ??       SOFT      t        0      0   0    2    0    0    2  |LPM_ADD_SUB:259|addcore:adder|addcore:adder1|ps6
   -     ??   ??       SOFT      t        6      5   1    8    1    0    1  |LPM_ADD_SUB:259|addcore:adder|addcore:adder1|result_node3
   -     ??   ??       SOFT      t        9      9   0   16    3    0    1  |LPM_ADD_SUB:259|addcore:adder|addcore:adder1|result_node7
   -     ??   ??       SOFT    s t        2      2   0    4    1    0    2  |LPM_ADD_SUB:259|addcore:adder|addcore:adder1|tot_cin_node1~1
   -     ??   ??       SOFT    s t        4      4   0    8    2    0    8  |LPM_ADD_SUB:259|addcore:adder|addcore:adder1|tot_cin_node3~1
   -     ??   ??       SOFT    s t        6      6   0   10    2    0   10  |LPM_ADD_SUB:259|addcore:adder|addcore:adder1|tot_cin_node4~1
   -     ??   ??       SOFT    s t        6      6   0   12    3    0    1  |LPM_ADD_SUB:259|addcore:adder|addcore:adder1|tot_cin_node5~1
   -     ??   ??       SOFT    s t        0      0   0    2    0    0    2  |LPM_ADD_SUB:259|addcore:adder|addcore:adder1|~238~1
   -     ??   ??       SOFT    s t        0      0   0    0    2    0    2  |LPM_ADD_SUB:259|addcore:adder|addcore:adder1|~239~1
   -     ??   ??       SOFT    s t        5      2   0    4    3    0    3  |LPM_ADD_SUB:259|addcore:adder|addcore:adder1|~242~1
   -     ??   ??       SOFT    s t        0      0   0    0    3    0    2  |LPM_ADD_SUB:259|addcore:adder|addcore:adder1|~245~1
   -     ??   ??       SOFT    s t        6      5   0    8    2    0    6  |LPM_ADD_SUB:259|addcore:adder|addcore:adder1|~246~1
   -     ??   ??       SOFT    s t        2      2   0    2    1    0    7  |LPM_ADD_SUB:259|addcore:adder|addcore:adder1|~249~1
   -     ??   ??       SOFT    s t        2      2   0    2    1    0    1  |LPM_ADD_SUB:259|addcore:adder|addcore:adder1|~252~1
   -     ??   ??       SOFT    s t       13      9   1   16   10    0    2  |LPM_ADD_SUB:259|addcore:adder|addcore:adder1|~258~1
   -     ??   ??       SOFT      t        9      9   0   16    3    0    8  |LPM_ADD_SUB:259|addcore:adder|addcore:adder2|cout_node
   -     ??   ??       SOFT      t        2      2   0    6    0    0    1  |LPM_ADD_SUB:259|addcore:adder|addcore:adder2|gcp2
   -     ??   ??       SOFT    s t        0      0   0    2    0    0    1  |LPM_ADD_SUB:259|addcore:adder|addcore:adder2|gn2~1
   -     ??   ??       SOFT    s t        0      0   0    2    0    0    2  |LPM_ADD_SUB:259|addcore:adder|addcore:adder2|gn4~1
   -     ??   ??       SOFT      t        0      0   0    2    0    0    1  |LPM_ADD_SUB:259|addcore:adder|addcore:adder2|gs1
   -     ??   ??       SOFT      t        0      0   0    2    0    0    1  |LPM_ADD_SUB:259|addcore:adder|addcore:adder2|gs7
   -     ??   ??       SOFT      t        1      1   0    4    0    0    1  |LPM_ADD_SUB:259|addcore:adder|addcore:adder2|g2cp1
   -     ??   ??       SOFT      t        2      2   0    6    0    0    2  |LPM_ADD_SUB:259|addcore:adder|addcore:adder2|g2cp2
   -     ??   ??       SOFT      t        3      3   0    8    0    0    6  |LPM_ADD_SUB:259|addcore:adder|addcore:adder2|g4
   -     ??   ??       SOFT      t        0      0   0    2    0    0    1  |LPM_ADD_SUB:259|addcore:adder|addcore:adder2|ps0
   -     ??   ??       SOFT      t        0      0   0    2    0    0    2  |LPM_ADD_SUB:259|addcore:adder|addcore:adder2|ps1
   -     ??   ??       SOFT      t        0      0   0    2    0    0    2  |LPM_ADD_SUB:259|addcore:adder|addcore:adder2|ps2
   -     ??   ??       SOFT      t        0      0   0    2    0    0    1  |LPM_ADD_SUB:259|addcore:adder|addcore:adder2|ps3
   -     ??   ??       SOFT      t        0      0   0    2    0    0    3  |LPM_ADD_SUB:259|addcore:adder|addcore:adder2|ps4
   -     ??   ??       SOFT      t        0      0   0    2    0    0    1  |LPM_ADD_SUB:259|addcore:adder|addcore:adder2|ps5
   -     ??   ??       SOFT      t        0      0   0    2    0    0    1  |LPM_ADD_SUB:259|addcore:adder|addcore:adder2|ps7
   -     ??   ??       SOFT      t        6      5   1    8    1    0    1  |LPM_ADD_SUB:259|addcore:adder|addcore:adder2|result_node3
   -     ??   ??       SOFT      t        7      6   0   12    2    0    3  |LPM_ADD_SUB:259|addcore:adder|addcore:adder2|result_node5
   -     ??   ??       SOFT      t        9      8   1   14    2    0    1  |LPM_ADD_SUB:259|addcore:adder|addcore:adder2|result_node6
   -     ??   ??       SOFT    s t        2      2   0    4    1    0    1  |LPM_ADD_SUB:259|addcore:adder|addcore:adder2|tot_cin_node1~1
   -     ??   ??       SOFT    s t        4      4   0    8    2    0    3  |LPM_ADD_SUB:259|addcore:adder|addcore:adder2|tot_cin_node3~1
   -     ??   ??       SOFT    s t        7      7   0   14    3    0    3  |LPM_ADD_SUB:259|addcore:adder|addcore:adder2|tot_cin_node6~1
   -     ??   ??       SOFT    s t        0      0   0    2    0    0    3  |LPM_ADD_SUB:259|addcore:adder|addcore:adder2|~238~1
   -     ??   ??       SOFT    s t        0      0   0    0    2    0    2  |LPM_ADD_SUB:259|addcore:adder|addcore:adder2|~239~1
   -     ??   ??       SOFT    s t        5      2   0    4    3    0    3  |LPM_ADD_SUB:259|addcore:adder|addcore:adder2|~242~1
   -     ??   ??       SOFT    s t        6      5   0    8    2    0    2  |LPM_ADD_SUB:259|addcore:adder|addcore:adder2|~246~1
   -     ??   ??       SOFT    s t        2      1   0    2    1    0    2  |LPM_ADD_SUB:259|addcore:adder|addcore:adder2|~249~1
   -     ??   ??       SOFT    s t       12      8   1   14    9    0    2  |LPM_ADD_SUB:259|addcore:adder|addcore:adder2|~255~1
   -     ??   ??       SOFT    s t        2      2   0    2    1    0    2  |LPM_ADD_SUB:259|addcore:adder|addcore:adder2|~258~1
   -     ??   ??       SOFT      t        2      2   0    6    0    0    1  |LPM_ADD_SUB:259|addcore:adder|addcore:adder3|gcp2
   -     ??   ??       SOFT    s t        0      0   0    2    0    0    1  |LPM_ADD_SUB:259|addcore:adder|addcore:adder3|gn3~1
   -     ??   ??       SOFT      t        0      0   0    2    0    0    1  |LPM_ADD_SUB:259|addcore:adder|addcore:adder3|gs2
   -     ??   ??       SOFT      t        2      2   0    6    0    0    1  |LPM_ADD_SUB:259|addcore:adder|addcore:adder3|g2cp2
   -     ??   ??       SOFT      t        3      3   0    8    0    0    4  |LPM_ADD_SUB:259|addcore:adder|addcore:adder3|g4
   -     ??   ??       SOFT      t        0      0   0    2    0    0    1  |LPM_ADD_SUB:259|addcore:adder|addcore:adder3|ps2
   -     ??   ??       SOFT      t        0      0   0    2    0    0    1  |LPM_ADD_SUB:259|addcore:adder|addcore:adder3|ps3
   -     ??   ??       SOFT      t        0      0   0    2    1    0    4  |LPM_ADD_SUB:259|addcore:adder|addcore:adder3|result_node0
   -     ??   ??       SOFT      t        3      3   0    4    1    0    2  |LPM_ADD_SUB:259|addcore:adder|addcore:adder3|result_node1
   -     ??   ??       SOFT      t        6      5   0   10    2    0    2  |LPM_ADD_SUB:259|addcore:adder|addcore:adder3|result_node4
   -     ??   ??       SOFT      t        7      6   0   12    2    0    2  |LPM_ADD_SUB:259|addcore:adder|addcore:adder3|result_node5
   -     ??   ??       SOFT      t        9      7   1   14    2    0    2  |LPM_ADD_SUB:259|addcore:adder|addcore:adder3|result_node6
   -     ??   ??       SOFT      t        9      7   0   16    3    1    1  |LPM_ADD_SUB:259|addcore:adder|addcore:adder3|result_node7
   -     ??   ??       SOFT    s t        3      3   0    6    2    0    2  |LPM_ADD_SUB:259|addcore:adder|addcore:adder3|tot_cin_node2~1
   -     ??   ??       SOFT    s t        9      4   1    6    3    0    2  |LPM_ADD_SUB:259|addcore:adder|addcore:adder3|~245~1
   -     ??   ??       SOFT    s t        2      2   0    2    1    0    1  |LPM_ADD_SUB:259|addcore:adder|addcore:adder3|~246~1
   -     ??   ??       SOFT    s t        1      0   0    0    3    1    0  ~262~1
   -     ??   ??       SOFT    s t        0      0   0    1    1    0    1  ~266~1
   -     ??   ??       SOFT    s t        0      0   0    1    1    0    1  ~270~1
   -     ??   ??       SOFT    s t        1      0   0    0    3    0    1  ~271~1
   -     ??   ??       SOFT    s t        0      0   0    1    1    0    1  ~273~1
   -     ??   ??       SOFT    s t        0      0   0    1    1    0    1  ~275~1
   -     ??   ??       SOFT    s t        1      0   0    0    3    0    1  ~276~1
   -     ??   ??       SOFT    s t        0      0   0    1    1    0    1  ~278~1
   -     ??   ??       SOFT    s t        0      0   0    1    1    0    1  ~280~1
   -     ??   ??       SOFT    s t        0      0   0    0    2    0    1  ~281~1
   -     ??   ??       SOFT    s t        0      0   0    1    1    0    1  ~283~1
   -     ??   ??       SOFT    s t        7      2   1    4    7    0    1  ~284~1
   -     ??   ??       SOFT    s t        0      0   0    1    1    0    1  ~293~1
   -     ??   ??       SOFT    s t        1      0   0    1    2    0    1  ~294~1
   -     ??   ??       SOFT    s t        1      0   0    0    3    0    1  ~296~1
   -     ??   ??       SOFT    s t        0      0   0    1    1    0    1  ~298~1
   -     ??   ??       SOFT    s t        0      0   0    1    1    0    1  ~300~1
   -     ??   ??       SOFT    s t        4      0   0    4    4    0    1  ~301~1
   -     ??   ??       SOFT    s t        1      0   1    3    5    0    1  ~301~2
   -     ??   ??       SOFT    s t        1      0   1    3    8    0    1  ~301~3
   -     ??   ??       SOFT    s t        0      0   0    1    1    0    2  ~313~1
   -     ??   ??       SOFT    s t        0      0   0    0    3    0    2  ~314~1
   -     ??   ??       SOFT    s t        1      0   1    3    5    0    1  ~314~2
   -     ??   ??       SOFT    s t        1      0   1    3    8    0    1  ~314~3
   -     ??   ??       SOFT    s t        1      0   1    4    4    0    1  ~314~4
   -     ??   ??       SOFT    s t        0      0   0    1    1    0    2  ~328~1
   -     ??   ??       SOFT    s t        7      1   1    5    8    0    2  ~329~1
   -     ??   ??       SOFT    s t        1      0   1    3    5    0    1  ~329~2
   -     ??   ??       SOFT    s t        1      0   1    3    7    0    1  ~329~3
   -     ??   ??       SOFT    s t        0      0   0    1    1    0    2  ~348~1
   -     ??   ??       SOFT    s t        7      1   1    9   13    0    2  ~349~1
   -     ??   ??       SOFT    s t        1      0   1    3    8    0    1  ~349~2
   -     ??   ??       SOFT    s t        1      0   1    3   10    0    1  ~349~3
   -     ??   ??       SOFT    s t        1      0   1    5   10    0    1  ~349~4
   -     ??   ??       SOFT    s t        1      0   1    5    5    0    1  ~349~5
   -     ??   ??       SOFT    s t        1      0   1    7    6    0    1  ~349~6
   -     ??   ??       SOFT    s t        1      0   1    6    9    0    1  ~349~7
   -     ??   ??       SOFT    s t        1      0   1    5    8    0    1  ~349~8
   -     ??   ??       SOFT    s t        1      0   1    6    2    0    1  ~349~9
   -     ??   ??       SOFT    s t        0      0   0    1    1    0    6  ~368~1
   -     ??   ??       SOFT    s t        8      1   1    5    9    0    6  ~369~1
   -     ??   ??       SOFT    s t        1      0   1    4    6    0    1  ~369~2
   -     ??   ??       SOFT    s t        1      0   1    3    5    0    1  ~369~3
   -     ??   ??       SOFT    s t        0      0   0    1    1    0    2  ~388~1
   -     ??   ??       SOFT    s t        5      1   1    4    5    0    2  ~389~1
   -     ??   ??       SOFT    s t        1      0   1    5   12    0    1  ~396~1
   -     ??   ??       SOFT    s t        1      0   1    5    5    0    1  ~396~2
   -     ??   ??       SOFT    s t        1      0   1    5    5    0    1  ~396~3
   -     ??   ??       SOFT    s t        1      0   1    5    4    0    1  ~396~4
   -     ??   ??       SOFT    s t        1      0   1    5    5    0    1  ~396~5
   -     ??   ??       SOFT    s t        1      0   1    5    5    0    1  ~396~6
   -     ??   ??       SOFT    s t        1      0   1    5    5    0    1  ~396~7
   -     ??   ??       SOFT    s t        1      0   1    5    5    0    1  ~396~8
   -     ??   ??       SOFT    s t        1      0   1    3    5    0    1  ~396~9
   -     ??   ??       SOFT    s t        1      0   1    3    3    0    1  ~396~10


Code:

s = Synthesized pin or logic cell
t = Turbo logic cell
+ = Synchronous flipflop
! = NOT gate push-back
r = Fitter-inserted logic cell


Device-Specific Information:                      i:\prj\vhdl\maxplus\ann1.rpt
ann1

** EQUATIONS **

A0       : INPUT;
A1       : INPUT;
A2       : INPUT;
A3       : INPUT;
A4       : INPUT;
A5       : INPUT;
A6       : INPUT;
A7       : INPUT;
A8       : INPUT;
A9       : INPUT;
A10      : INPUT;
A11      : INPUT;
A12      : INPUT;
A13      : INPUT;
A14      : INPUT;
A15      : INPUT;
A16      : INPUT;
A17      : INPUT;
A18      : INPUT;
A19      : INPUT;
A20      : INPUT;
A21      : INPUT;
A22      : INPUT;
A23      : INPUT;
A24      : INPUT;
A25      : INPUT;
A26      : INPUT;
A27      : INPUT;
A28      : INPUT;
A29      : INPUT;
A30      : INPUT;
A31      : INPUT;
B0       : INPUT;
B1       : INPUT;
B2       : INPUT;
B3       : INPUT;
B4       : INPUT;
B5       : INPUT;
B6       : INPUT;
B7       : INPUT;
B8       : INPUT;
B9       : INPUT;
B10      : INPUT;
B11      : INPUT;
B12      : INPUT;
B13      : INPUT;
B14      : INPUT;
B15      : INPUT;
B16      : INPUT;
B17      : INPUT;
B18      : INPUT;
B19      : INPUT;
B20      : INPUT;
B21      : INPUT;
B22      : INPUT;
B23      : INPUT;
B24      : INPUT;
B25      : INPUT;
B26      : INPUT;
B27      : INPUT;
B28      : INPUT;
B29      : INPUT;
B30      : INPUT;
B31      : INPUT;
UMBRAL0  : INPUT;
UMBRAL1  : INPUT;
UMBRAL2  : INPUT;
UMBRAL3  : INPUT;
UMBRAL4  : INPUT;
UMBRAL5  : INPUT;
UMBRAL6  : INPUT;
UMBRAL7  : INPUT;
UMBRAL8  : INPUT;
UMBRAL9  : INPUT;
UMBRAL10 : INPUT;
UMBRAL11 : INPUT;
UMBRAL12 : INPUT;
UMBRAL13 : INPUT;
UMBRAL14 : INPUT;
UMBRAL15 : INPUT;
UMBRAL16 : INPUT;
UMBRAL17 : INPUT;
UMBRAL18 : INPUT;
UMBRAL19 : INPUT;
UMBRAL20 : INPUT;
UMBRAL21 : INPUT;
UMBRAL22 : INPUT;
UMBRAL23 : INPUT;
UMBRAL24 : INPUT;
UMBRAL25 : INPUT;
UMBRAL26 : INPUT;
UMBRAL27 : INPUT;
UMBRAL28 : INPUT;
UMBRAL29 : INPUT;
UMBRAL30 : INPUT;
UMBRAL31 : INPUT;

-- Node name is 'SAL' 
-- Equation name is 'SAL', type is output 
 SAL     = LCELL( _EQ001 $  VCC);
  _EQ001 = !_N002 &  _X001;
  _X001  = EXP(!_N004 &  UMBRAL31);

-- Node name is '|LPM_ADD_SUB:259|addcore:adder|addcore:adder0|cout_node' from file "addcore.tdf" line 165, column 5
-- Equation name is '_N007', type is buried 
_N007    = LCELL( _EQ002 $  _EQ003);
  _EQ002 =  A4 &  B4 &  _X002 &  _X003 &  _X004 &  _X005
         #  _N008 &  _X002 &  _X003 &  _X004 &  _X005 &  _X006
         #  A5 &  B5 &  _X002 &  _X003 &  _X004
         #  A6 &  B6 &  _X002 &  _X003;
  _X002  = EXP(!A7 & !B7);
  _X003  = EXP( A7 &  B7);
  _X004  = EXP(!A6 & !B6);
  _X005  = EXP(!A5 & !B5);
  _X006  = EXP(!A4 & !B4);
  _EQ003 =  A7 &  B7;

-- Node name is '|LPM_ADD_SUB:259|addcore:adder|addcore:adder0|gcp2' from file "addcore.tdf" line 160, column 8
-- Equation name is '_N080', type is buried 
_N080    = LCELL( _EQ004 $  GND);
  _EQ004 =  A0 &  B0 &  _X007 &  _X008
         #  A1 &  B1 &  _X008
         #  A2 &  B2;
  _X007  = EXP(!A1 & !B1);
  _X008  = EXP(!A2 & !B2);

-- Node name is '|LPM_ADD_SUB:259|addcore:adder|addcore:adder0|gn6~1' from file "addcore.tdf" line 338, column 23
-- Equation name is '_N087', type is buried 
-- synthesized logic cell 
_N087    = LCELL( _EQ005 $  GND);
  _EQ005 =  A6 &  B6;

-- Node name is '|LPM_ADD_SUB:259|addcore:adder|addcore:adder0|g2cp1' from file "addcore.tdf" line 159, column 9
-- Equation name is '_N084', type is buried 
_N084    = LCELL( _EQ006 $  GND);
  _EQ006 =  A4 &  B4 &  _X005
         #  A5 &  B5;
  _X005  = EXP(!A5 & !B5);

-- Node name is '|LPM_ADD_SUB:259|addcore:adder|addcore:adder0|g2cp2' from file "addcore.tdf" line 159, column 9
-- Equation name is '_N091', type is buried 
_N091    = LCELL( _EQ007 $  GND);
  _EQ007 =  A4 &  B4 &  _X004 &  _X005
         #  A5 &  B5 &  _X004
         #  A6 &  B6;
  _X004  = EXP(!A6 & !B6);
  _X005  = EXP(!A5 & !B5);

-- Node name is '|LPM_ADD_SUB:259|addcore:adder|addcore:adder0|g4' from file "addcore.tdf" line 158, column 5
-- Equation name is '_N008', type is buried 
_N008    = LCELL( _EQ008 $  _EQ009);
  _EQ008 =  A0 &  B0 &  _X007 &  _X008 &  _X009 &  _X010
         #  A1 &  B1 &  _X008 &  _X009 &  _X010
         #  A2 &  B2 &  _X009 &  _X010;
  _X007  = EXP(!A1 & !B1);
  _X008  = EXP(!A2 & !B2);
  _X009  = EXP(!A3 & !B3);
  _X010  = EXP( A3 &  B3);
  _EQ009 =  A3 &  B3;

-- Node name is '|LPM_ADD_SUB:259|addcore:adder|addcore:adder0|ps6' from file "addcore.tdf" line 150, column 7
-- Equation name is '_N086', type is buried 
_N086    = LCELL( _EQ010 $  GND);
  _EQ010 = !A6 & !B6;

-- Node name is '|LPM_ADD_SUB:259|addcore:adder|addcore:adder0|result_node0' from file "addcore.tdf" line 164, column 16
-- Equation name is '_N077', type is buried 
_N077    = LCELL( B0 $  A0);

-- Node name is '|LPM_ADD_SUB:259|addcore:adder|addcore:adder0|result_node1' from file "addcore.tdf" line 164, column 16
-- Equation name is '_N076', type is buried 
_N076    = LCELL( _EQ011 $  GND);
  _EQ011 =  A0 &  A1 &  B0 &  B1
         #  A0 & !A1 &  B0 & !B1
         # !A0 &  _X007 &  _X011
         # !B0 &  _X007 &  _X011;
  _X007  = EXP(!A1 & !B1);
  _X011  = EXP( A1 &  B1);

-- Node name is '|LPM_ADD_SUB:259|addcore:adder|addcore:adder0|result_node2' from file "addcore.tdf" line 164, column 16
-- Equation name is '_N081', type is buried 
_N081    = LCELL( _EQ012 $  _EQ013);
  _EQ012 =  A0 &  B0 &  _X007
         #  A1 &  B1;
  _X007  = EXP(!A1 & !B1);
  _EQ013 =  _X008 &  _X012;
  _X008  = EXP(!A2 & !B2);
  _X012  = EXP( A2 &  B2);

-- Node name is '|LPM_ADD_SUB:259|addcore:adder|addcore:adder0|result_node3' from file "addcore.tdf" line 164, column 16
-- Equation name is '_N079', type is buried 
_N079    = LCELL( _EQ014 $  _N080);
  _EQ014 =  _X009 &  _X010;
  _X009  = EXP(!A3 & !B3);
  _X010  = EXP( A3 &  B3);

-- Node name is '|LPM_ADD_SUB:259|addcore:adder|addcore:adder0|result_node4' from file "addcore.tdf" line 164, column 16
-- Equation name is '_N078', type is buried 
_N078    = LCELL( _EQ015 $  _N008);
  _EQ015 =  _X006 &  _X013;
  _X006  = EXP(!A4 & !B4);
  _X013  = EXP( A4 &  B4);

-- Node name is '|LPM_ADD_SUB:259|addcore:adder|addcore:adder0|result_node5' from file "addcore.tdf" line 164, column 16
-- Equation name is '_N082', type is buried 
_N082    = LCELL( _EQ016 $  _EQ017);
  _EQ016 =  A4 &  B4
         #  _N008 &  _X006;
  _X006  = EXP(!A4 & !B4);
  _EQ017 =  _X005 &  _X014;
  _X005  = EXP(!A5 & !B5);
  _X014  = EXP( A5 &  B5);

-- Node name is '|LPM_ADD_SUB:259|addcore:adder|addcore:adder0|result_node7' from file "addcore.tdf" line 164, column 16
-- Equation name is '_N073', type is buried 
_N073    = LCELL( _EQ018 $  _EQ019);
  _EQ018 =  A4 &  B4 &  _X004 &  _X005
         #  _N008 &  _X004 &  _X005 &  _X006
         #  A5 &  B5 &  _X004
         #  A6 &  B6;
  _X004  = EXP(!A6 & !B6);
  _X005  = EXP(!A5 & !B5);
  _X006  = EXP(!A4 & !B4);
  _EQ019 =  _X002 &  _X003;
  _X002  = EXP(!A7 & !B7);
  _X003  = EXP( A7 &  B7);

-- Node name is '|LPM_ADD_SUB:259|addcore:adder|addcore:adder0|tot_cin_node5~1' from file "addcore.tdf" line 379, column 39
-- Equation name is '_N083', type is buried 
-- synthesized logic cell 
_N083    = LCELL( _EQ020 $  _N084);
  _EQ020 =  _N008 & !_N084 &  _X005 &  _X006;
  _X005  = EXP(!A5 & !B5);
  _X006  = EXP(!A4 & !B4);

-- Node name is '|LPM_ADD_SUB:259|addcore:adder|addcore:adder0|~252~1' from file "addcore.tdf" line 392, column 42
-- Equation name is '_N085', type is buried 
-- synthesized logic cell 
_N085    = LCELL( _EQ021 $  GND);
  _EQ021 = !A4 & !B4 &  _X005 &  _X013 &  _X014
         # !_N008 &  _X005 &  _X013 &  _X014
         #  A4 &  B4 &  _X015
         #  _N008 &  _X006 &  _X015;
  _X005  = EXP(!A5 & !B5);
  _X013  = EXP( A4 &  B4);
  _X014  = EXP( A5 &  B5);
  _X015  = EXP( _X005 &  _X014);
  _X006  = EXP(!A4 & !B4);

-- Node name is '|LPM_ADD_SUB:259|addcore:adder|addcore:adder0|~258~1' from file "addcore.tdf" line 392, column 42
-- Equation name is '_N090', type is buried 
-- synthesized logic cell 
_N090    = LCELL( _EQ022 $  VCC);
  _EQ022 =  _N008 &  _X002 &  _X003 &  _X004 &  _X005 &  _X006
         #  A7 &  B7 & !_N091 &  _X016
         # !A7 & !B7 & !_N091 &  _X016
         #  _N091 &  _X002 &  _X003;
  _X002  = EXP(!A7 & !B7);
  _X003  = EXP( A7 &  B7);
  _X004  = EXP(!A6 & !B6);
  _X005  = EXP(!A5 & !B5);
  _X006  = EXP(!A4 & !B4);
  _X016  = EXP( _N008 &  _X004 &  _X005 &  _X006);

-- Node name is '|LPM_ADD_SUB:259|addcore:adder|addcore:adder1|cout_node' from file "addcore.tdf" line 165, column 5
-- Equation name is '_N006', type is buried 
_N006    = LCELL( _EQ023 $  _EQ024);
  _EQ023 =  _N007 &  _X017 &  _X018 &  _X019 &  _X020 &  _X021 &  _X022 & 
              _X023 &  _X024 &  _X025
         #  _N009 &  _X018 &  _X021 &  _X022 &  _X023 &  _X024
         #  _N010 &  _X018 &  _X023;
  _X017  = EXP(!A11 & !B11);
  _X018  = EXP( A15 &  B15);
  _X019  = EXP(!A10 & !B10);
  _X020  = EXP(!A9 & !B9);
  _X021  = EXP(!A14 & !B14);
  _X022  = EXP(!A13 & !B13);
  _X023  = EXP(!A15 & !B15);
  _X024  = EXP(!A12 & !B12);
  _X025  = EXP(!A8 & !B8);
  _EQ024 =  A15 &  B15;

-- Node name is '|LPM_ADD_SUB:259|addcore:adder|addcore:adder1|gcp2' from file "addcore.tdf" line 160, column 8
-- Equation name is '_N097', type is buried 
_N097    = LCELL( _EQ025 $  GND);
  _EQ025 =  A8 &  B8 &  _X019 &  _X020
         #  A9 &  B9 &  _X019
         #  A10 &  B10;
  _X019  = EXP(!A10 & !B10);
  _X020  = EXP(!A9 & !B9);

-- Node name is '|LPM_ADD_SUB:259|addcore:adder|addcore:adder1|gn2~1' from file "addcore.tdf" line 338, column 23
-- Equation name is '_N067', type is buried 
-- synthesized logic cell 
_N067    = LCELL( _EQ026 $  GND);
  _EQ026 =  A10 &  B10;

-- Node name is '|LPM_ADD_SUB:259|addcore:adder|addcore:adder1|gn4~1' from file "addcore.tdf" line 338, column 23
-- Equation name is '_N099', type is buried 
-- synthesized logic cell 
_N099    = LCELL( _EQ027 $  GND);
  _EQ027 =  A12 &  B12;

-- Node name is '|LPM_ADD_SUB:259|addcore:adder|addcore:adder1|gn5~1' from file "addcore.tdf" line 338, column 23
-- Equation name is '_N093', type is buried 
-- synthesized logic cell 
_N093    = LCELL( _EQ028 $  GND);
  _EQ028 =  A13 &  B13;

-- Node name is '|LPM_ADD_SUB:259|addcore:adder|addcore:adder1|gn6~1' from file "addcore.tdf" line 338, column 23
-- Equation name is '_N101', type is buried 
-- synthesized logic cell 
_N101    = LCELL( _EQ029 $  GND);
  _EQ029 =  A14 &  B14;

-- Node name is '|LPM_ADD_SUB:259|addcore:adder|addcore:adder1|gs1' from file "addcore.tdf" line 148, column 7
-- Equation name is '_N070', type is buried 
_N070    = LCELL( _EQ030 $  GND);
  _EQ030 =  A9 &  B9;

-- Node name is '|LPM_ADD_SUB:259|addcore:adder|addcore:adder1|g2cp1' from file "addcore.tdf" line 159, column 9
-- Equation name is '_N059', type is buried 
_N059    = LCELL( _EQ031 $  _EQ032);
  _EQ031 =  A12 &  B12 &  _X022 &  _X026;
  _X022  = EXP(!A13 & !B13);
  _X026  = EXP( A13 &  B13);
  _EQ032 =  A13 &  B13;

-- Node name is '|LPM_ADD_SUB:259|addcore:adder|addcore:adder1|g2cp2' from file "addcore.tdf" line 159, column 9
-- Equation name is '_N010', type is buried 
_N010    = LCELL( _EQ033 $  GND);
  _EQ033 =  A12 &  B12 &  _X021 &  _X022
         #  A13 &  B13 &  _X021
         #  A14 &  B14;
  _X021  = EXP(!A14 & !B14);
  _X022  = EXP(!A13 & !B13);

-- Node name is '|LPM_ADD_SUB:259|addcore:adder|addcore:adder1|g4' from file "addcore.tdf" line 158, column 5
-- Equation name is '_N009', type is buried 
_N009    = LCELL( _EQ034 $  _EQ035);
  _EQ034 =  A8 &  B8 &  _X017 &  _X019 &  _X020 &  _X027
         #  A9 &  B9 &  _X017 &  _X019 &  _X027
         #  A10 &  B10 &  _X017 &  _X027;
  _X017  = EXP(!A11 & !B11);
  _X019  = EXP(!A10 & !B10);
  _X020  = EXP(!A9 & !B9);
  _X027  = EXP( A11 &  B11);
  _EQ035 =  A11 &  B11;

-- Node name is '|LPM_ADD_SUB:259|addcore:adder|addcore:adder1|ps0' from file "addcore.tdf" line 150, column 7
-- Equation name is '_N106', type is buried 
_N106    = LCELL( _EQ036 $  GND);
  _EQ036 = !A8 & !B8;

-- Node name is '|LPM_ADD_SUB:259|addcore:adder|addcore:adder1|ps1' from file "addcore.tdf" line 150, column 7
-- Equation name is '_N071', type is buried 
_N071    = LCELL( _EQ037 $  GND);
  _EQ037 = !A9 & !B9;

-- Node name is '|LPM_ADD_SUB:259|addcore:adder|addcore:adder1|ps2' from file "addcore.tdf" line 150, column 7
-- Equation name is '_N066', type is buried 
_N066    = LCELL( _EQ038 $  GND);
  _EQ038 = !A10 & !B10;

-- Node name is '|LPM_ADD_SUB:259|addcore:adder|addcore:adder1|ps3' from file "addcore.tdf" line 150, column 7
-- Equation name is '_N105', type is buried 
_N105    = LCELL( _EQ039 $  GND);
  _EQ039 = !A11 & !B11;

-- Node name is '|LPM_ADD_SUB:259|addcore:adder|addcore:adder1|ps4' from file "addcore.tdf" line 150, column 7
-- Equation name is '_N098', type is buried 
_N098    = LCELL( _EQ040 $  GND);
  _EQ040 = !A12 & !B12;

-- Node name is '|LPM_ADD_SUB:259|addcore:adder|addcore:adder1|ps5' from file "addcore.tdf" line 150, column 7
-- Equation name is '_N092', type is buried 
_N092    = LCELL( _EQ041 $  GND);
  _EQ041 = !A13 & !B13;

-- Node name is '|LPM_ADD_SUB:259|addcore:adder|addcore:adder1|ps6' from file "addcore.tdf" line 150, column 7
-- Equation name is '_N100', type is buried 
_N100    = LCELL( _EQ042 $  GND);
  _EQ042 = !A14 & !B14;

-- Node name is '|LPM_ADD_SUB:259|addcore:adder|addcore:adder1|result_node3' from file "addcore.tdf" line 164, column 16
-- Equation name is '_N063', type is buried 
_N063    = LCELL( _EQ043 $  _EQ044);
  _EQ043 =  A8 &  B8 &  _X019 &  _X020
         #  _N007 &  _X019 &  _X020 &  _X025
         #  A9 &  B9 &  _X019
         #  A10 &  B10;
  _X019  = EXP(!A10 & !B10);
  _X020  = EXP(!A9 & !B9);
  _X025  = EXP(!A8 & !B8);
  _EQ044 =  _X017 &  _X027;
  _X017  = EXP(!A11 & !B11);
  _X027  = EXP( A11 &  B11);

-- Node name is '|LPM_ADD_SUB:259|addcore:adder|addcore:adder1|result_node7' from file "addcore.tdf" line 164, column 16
-- Equation name is '_N056', type is buried 
_N056    = LCELL( _EQ045 $  _EQ046);
  _EQ045 =  _N007 &  _X017 &  _X019 &  _X020 &  _X021 &  _X022 &  _X024 & 
              _X025
         #  _N009 &  _X021 &  _X022 &  _X024
         #  _N010;
  _X017  = EXP(!A11 & !B11);
  _X019  = EXP(!A10 & !B10);
  _X020  = EXP(!A9 & !B9);
  _X021  = EXP(!A14 & !B14);
  _X022  = EXP(!A13 & !B13);
  _X024  = EXP(!A12 & !B12);
  _X025  = EXP(!A8 & !B8);
  _EQ046 =  _X018 &  _X023;
  _X018  = EXP( A15 &  B15);
  _X023  = EXP(!A15 & !B15);

-- Node name is '|LPM_ADD_SUB:259|addcore:adder|addcore:adder1|tot_cin_node1~1' from file "addcore.tdf" line 375, column 29
-- Equation name is '_N068', type is buried 
-- synthesized logic cell 
_N068    = LCELL( _EQ047 $  GND);
  _EQ047 =  A8 &  B8 &  _X020
         #  _N007 &  _X020 &  _X025
         #  A9 &  B9;
  _X020  = EXP(!A9 & !B9);
  _X025  = EXP(!A8 & !B8);

-- Node name is '|LPM_ADD_SUB:259|addcore:adder|addcore:adder1|tot_cin_node3~1' from file "addcore.tdf" line 377, column 26
-- Equation name is '_N095', type is buried 
-- synthesized logic cell 
_N095    = LCELL( _EQ048 $  _N009);
  _EQ048 =  _N007 & !_N009 &  _X017 &  _X019 &  _X020 &  _X025;
  _X017  = EXP(!A11 & !B11);
  _X019  = EXP(!A10 & !B10);
  _X020  = EXP(!A9 & !B9);
  _X025  = EXP(!A8 & !B8);

-- Node name is '|LPM_ADD_SUB:259|addcore:adder|addcore:adder1|tot_cin_node4~1' from file "addcore.tdf" line 378, column 38
-- Equation name is '_N061', type is buried 
-- synthesized logic cell 
_N061    = LCELL( _EQ049 $  _EQ050);
  _EQ049 =  _N007 &  _X017 &  _X019 &  _X020 &  _X024 &  _X025 &  _X028
         #  _N009 &  _X024 &  _X028;
  _X017  = EXP(!A11 & !B11);
  _X019  = EXP(!A10 & !B10);
  _X020  = EXP(!A9 & !B9);
  _X024  = EXP(!A12 & !B12);
  _X025  = EXP(!A8 & !B8);
  _X028  = EXP( A12 &  B12);
  _EQ050 =  A12 &  B12;

-- Node name is '|LPM_ADD_SUB:259|addcore:adder|addcore:adder1|tot_cin_node5~1' from file "addcore.tdf" line 379, column 39
-- Equation name is '_N058', type is buried 
-- synthesized logic cell 
_N058    = LCELL( _EQ051 $  _N059);
  _EQ051 =  _N007 & !_N059 &  _X017 &  _X019 &  _X020 &  _X022 &  _X024 & 
              _X025
         #  _N009 & !_N059 &  _X022 &  _X024;
  _X017  = EXP(!A11 & !B11);
  _X019  = EXP(!A10 & !B10);
  _X020  = EXP(!A9 & !B9);
  _X022  = EXP(!A13 & !B13);
  _X024  = EXP(!A12 & !B12);
  _X025  = EXP(!A8 & !B8);

-- Node name is '|LPM_ADD_SUB:259|addcore:adder|addcore:adder1|~238~1' from file "addcore.tdf" line 387, column 29
-- Equation name is '_N089', type is buried 
-- synthesized logic cell 
_N089    = LCELL(!B8 $  A8);

-- Node name is '|LPM_ADD_SUB:259|addcore:adder|addcore:adder1|~239~1' from file "addcore.tdf" line 387, column 38
-- Equation name is '_N088', type is buried 
-- synthesized logic cell 
_N088    = LCELL(!_N007 $  _N089);

-- Node name is '|LPM_ADD_SUB:259|addcore:adder|addcore:adder1|~242~1' from file "addcore.tdf" line 392, column 42
-- Equation name is '_N069', type is buried 
-- synthesized logic cell 
_N069    = LCELL( _EQ052 $  GND);
  _EQ052 = !A8 & !B8 &  _X020 &  _X029 &  _X030
         # !_N007 &  _X020 &  _X029 &  _X030
         #  A8 &  B8 &  _X031
         #  _N007 &  _X025 &  _X031;
  _X020  = EXP(!A9 & !B9);
  _X029  = EXP( A9 &  B9);
  _X030  = EXP( A8 &  B8);
  _X031  = EXP(!_N070 & !_N071);
  _X025  = EXP(!A8 & !B8);

-- Node name is '|LPM_ADD_SUB:259|addcore:adder|addcore:adder1|~245~1' from file "addcore.tdf" line 392, column 42
-- Equation name is '_N065', type is buried 
-- synthesized logic cell 
_N065    = LCELL( _EQ053 $  _N068);
  _EQ053 = !_N066 & !_N067;

-- Node name is '|LPM_ADD_SUB:259|addcore:adder|addcore:adder1|~246~1' from file "addcore.tdf" line 390, column 27
-- Equation name is '_N096', type is buried 
-- synthesized logic cell 
_N096    = LCELL( _EQ054 $  VCC);
  _EQ054 =  _N007 &  _X017 &  _X019 &  _X020 &  _X025 &  _X027
         #  A11 &  B11 & !_N097 &  _X032
         # !A11 & !B11 & !_N097 &  _X032
         #  _N097 &  _X017 &  _X027;
  _X017  = EXP(!A11 & !B11);
  _X019  = EXP(!A10 & !B10);
  _X020  = EXP(!A9 & !B9);
  _X025  = EXP(!A8 & !B8);
  _X027  = EXP( A11 &  B11);
  _X032  = EXP( _N007 &  _X019 &  _X020 &  _X025);

-- Node name is '|LPM_ADD_SUB:259|addcore:adder|addcore:adder1|~249~1' from file "addcore.tdf" line 392, column 42
-- Equation name is '_N094', type is buried 
-- synthesized logic cell 
_N094    = LCELL( _EQ055 $  _N095);
  _EQ055 =  _X024 &  _X028;
  _X024  = EXP(!A12 & !B12);
  _X028  = EXP( A12 &  B12);

-- Node name is '|LPM_ADD_SUB:259|addcore:adder|addcore:adder1|~252~1' from file "addcore.tdf" line 392, column 42
-- Equation name is '_N060', type is buried 
-- synthesized logic cell 
_N060    = LCELL( _EQ056 $  _N061);
  _EQ056 =  _X022 &  _X026;
  _X022  = EXP(!A13 & !B13);
  _X026  = EXP( A13 &  B13);

-- Node name is '|LPM_ADD_SUB:259|addcore:adder|addcore:adder1|~258~1' from file "addcore.tdf" line 392, column 42
-- Equation name is '_N104', type is buried 
-- synthesized logic cell 
_N104    = LCELL( _EQ057 $  GND);
  _EQ057 =  _N007 &  _X017 &  _X019 &  _X020 &  _X021 &  _X022 &  _X024 & 
              _X025 &  _X033
         #  _N009 &  _X021 &  _X022 &  _X024 &  _X033
         # !_N009 & !_N010 &  _X018 &  _X023 &  _X034
         # !_N010 &  _X018 &  _X023 &  _X035
         #  _N010 &  _X033;
  _X017  = EXP(!A11 & !B11);
  _X019  = EXP(!A10 & !B10);
  _X020  = EXP(!A9 & !B9);
  _X021  = EXP(!A14 & !B14);
  _X022  = EXP(!A13 & !B13);
  _X024  = EXP(!A12 & !B12);
  _X025  = EXP(!A8 & !B8);
  _X033  = EXP( _X018 &  _X023);
  _X018  = EXP( A15 &  B15);
  _X023  = EXP(!A15 & !B15);
  _X034  = EXP( _N007 & !_N066 & !_N071 & !_N105 & !_N106);
  _X035  = EXP(!_N092 & !_N098 & !_N100);

-- Node name is '|LPM_ADD_SUB:259|addcore:adder|addcore:adder2|cout_node' from file "addcore.tdf" line 165, column 5
-- Equation name is '_N005', type is buried 
_N005    = LCELL( _EQ058 $  _EQ059);
  _EQ058 =  _N006 &  _X036 &  _X037 &  _X038 &  _X039 &  _X040 &  _X041 & 
              _X042 &  _X043 &  _X044
         #  _N011 &  _X036 &  _X037 &  _X038 &  _X039 &  _X040
         #  _N012 &  _X036 &  _X037;
  _X036  = EXP(!A23 & !B23);
  _X037  = EXP( A23 &  B23);
  _X038  = EXP(!A22 & !B22);
  _X039  = EXP(!A21 & !B21);
  _X040  = EXP(!A20 & !B20);
  _X041  = EXP(!A19 & !B19);
  _X042  = EXP(!A18 & !B18);
  _X043  = EXP(!A17 & !B17);
  _X044  = EXP(!A16 & !B16);
  _EQ059 =  A23 &  B23;

-- Node name is '|LPM_ADD_SUB:259|addcore:adder|addcore:adder2|gcp2' from file "addcore.tdf" line 160, column 8
-- Equation name is '_N112', type is buried 
_N112    = LCELL( _EQ060 $  GND);
  _EQ060 =  A16 &  B16 &  _X042 &  _X043
         #  A17 &  B17 &  _X042
         #  A18 &  B18;
  _X042  = EXP(!A18 & !B18);
  _X043  = EXP(!A17 & !B17);

-- Node name is '|LPM_ADD_SUB:259|addcore:adder|addcore:adder2|gn2~1' from file "addcore.tdf" line 338, column 23
-- Equation name is '_N108', type is buried 
-- synthesized logic cell 
_N108    = LCELL( _EQ061 $  GND);
  _EQ061 =  A18 &  B18;

-- Node name is '|LPM_ADD_SUB:259|addcore:adder|addcore:adder2|gn4~1' from file "addcore.tdf" line 338, column 23
-- Equation name is '_N114', type is buried 
-- synthesized logic cell 
_N114    = LCELL( _EQ062 $  GND);
  _EQ062 =  A20 &  B20;

-- Node name is '|LPM_ADD_SUB:259|addcore:adder|addcore:adder2|gs1' from file "addcore.tdf" line 148, column 7
-- Equation name is '_N053', type is buried 
_N053    = LCELL( _EQ063 $  GND);
  _EQ063 =  A17 &  B17;

-- Node name is '|LPM_ADD_SUB:259|addcore:adder|addcore:adder2|gs7' from file "addcore.tdf" line 148, column 7
-- Equation name is '_N122', type is buried 
_N122    = LCELL( _EQ064 $  GND);
  _EQ064 =  A23 &  B23;

-- Node name is '|LPM_ADD_SUB:259|addcore:adder|addcore:adder2|g2cp1' from file "addcore.tdf" line 159, column 9
-- Equation name is '_N118', type is buried 
_N118    = LCELL( _EQ065 $  GND);
  _EQ065 =  A20 &  B20 &  _X039
         #  A21 &  B21;
  _X039  = EXP(!A21 & !B21);

-- Node name is '|LPM_ADD_SUB:259|addcore:adder|addcore:adder2|g2cp2' from file "addcore.tdf" line 159, column 9
-- Equation name is '_N012', type is buried 
_N012    = LCELL( _EQ066 $  GND);
  _EQ066 =  A20 &  B20 &  _X038 &  _X039
         #  A21 &  B21 &  _X038
         #  A22 &  B22;
  _X038  = EXP(!A22 & !B22);
  _X039  = EXP(!A21 & !B21);

-- Node name is '|LPM_ADD_SUB:259|addcore:adder|addcore:adder2|g4' from file "addcore.tdf" line 158, column 5
-- Equation name is '_N011', type is buried 
_N011    = LCELL( _EQ067 $  GND);
  _EQ067 =  A16 &  B16 &  _X041 &  _X042 &  _X043
         #  A17 &  B17 &  _X041 &  _X042
         #  A18 &  B18 &  _X041
         #  A19 &  B19;
  _X041  = EXP(!A19 & !B19);
  _X042  = EXP(!A18 & !B18);
  _X043  = EXP(!A17 & !B17);

-- Node name is '|LPM_ADD_SUB:259|addcore:adder|addcore:adder2|ps0' from file "addcore.tdf" line 150, column 7
-- Equation name is '_N120', type is buried 
_N120    = LCELL( _EQ068 $  GND);
  _EQ068 = !A16 & !B16;

-- Node name is '|LPM_ADD_SUB:259|addcore:adder|addcore:adder2|ps1' from file "addcore.tdf" line 150, column 7
-- Equation name is '_N054', type is buried 
_N054    = LCELL( _EQ069 $  GND);
  _EQ069 = !A17 & !B17;

-- Node name is '|LPM_ADD_SUB:259|addcore:adder|addcore:adder2|ps2' from file "addcore.tdf" line 150, column 7
-- Equation name is '_N107', type is buried 
_N107    = LCELL( _EQ070 $  GND);
  _EQ070 = !A18 & !B18;

-- Node name is '|LPM_ADD_SUB:259|addcore:adder|addcore:adder2|ps3' from file "addcore.tdf" line 150, column 7
-- Equation name is '_N119', type is buried 
_N119    = LCELL( _EQ071 $  GND);
  _EQ071 = !A19 & !B19;

-- Node name is '|LPM_ADD_SUB:259|addcore:adder|addcore:adder2|ps4' from file "addcore.tdf" line 150, column 7
-- Equation name is '_N113', type is buried 
_N113    = LCELL( _EQ072 $  GND);
  _EQ072 = !A20 & !B20;

-- Node name is '|LPM_ADD_SUB:259|addcore:adder|addcore:adder2|ps5' from file "addcore.tdf" line 150, column 7
-- Equation name is '_N121', type is buried 
_N121    = LCELL( _EQ073 $  GND);
  _EQ073 = !A21 & !B21;

-- Node name is '|LPM_ADD_SUB:259|addcore:adder|addcore:adder2|ps7' from file "addcore.tdf" line 150, column 7
-- Equation name is '_N123', type is buried 
_N123    = LCELL( _EQ074 $  GND);
  _EQ074 = !A23 & !B23;

-- Node name is '|LPM_ADD_SUB:259|addcore:adder|addcore:adder2|result_node3' from file "addcore.tdf" line 164, column 16
-- Equation name is '_N049', type is buried 
_N049    = LCELL( _EQ075 $  _EQ076);
  _EQ075 =  A16 &  B16 &  _X042 &  _X043
         #  _N006 &  _X042 &  _X043 &  _X044
         #  A17 &  B17 &  _X042
         #  A18 &  B18;
  _X042  = EXP(!A18 & !B18);
  _X043  = EXP(!A17 & !B17);
  _X044  = EXP(!A16 & !B16);
  _EQ076 =  _X041 &  _X045;
  _X041  = EXP(!A19 & !B19);
  _X045  = EXP( A19 &  B19);

-- Node name is '|LPM_ADD_SUB:259|addcore:adder|addcore:adder2|result_node5' from file "addcore.tdf" line 164, column 16
-- Equation name is '_N047', type is buried 
_N047    = LCELL( _EQ077 $  _EQ078);
  _EQ077 =  _N006 &  _X040 &  _X041 &  _X042 &  _X043 &  _X044
         #  A20 &  B20
         #  _N011 &  _X040;
  _X040  = EXP(!A20 & !B20);
  _X041  = EXP(!A19 & !B19);
  _X042  = EXP(!A18 & !B18);
  _X043  = EXP(!A17 & !B17);
  _X044  = EXP(!A16 & !B16);
  _EQ078 =  _X039 &  _X046;
  _X039  = EXP(!A21 & !B21);
  _X046  = EXP( A21 &  B21);

-- Node name is '|LPM_ADD_SUB:259|addcore:adder|addcore:adder2|result_node6' from file "addcore.tdf" line 164, column 16
-- Equation name is '_N045', type is buried 
_N045    = LCELL( _EQ079 $  _EQ080);
  _EQ079 =  _N006 &  _X039 &  _X040 &  _X041 &  _X042 &  _X043 &  _X044
         #  A20 &  B20 &  _X039
         #  _N011 &  _X039 &  _X040
         #  A21 &  B21;
  _X039  = EXP(!A21 & !B21);
  _X040  = EXP(!A20 & !B20);
  _X041  = EXP(!A19 & !B19);
  _X042  = EXP(!A18 & !B18);
  _X043  = EXP(!A17 & !B17);
  _X044  = EXP(!A16 & !B16);
  _EQ080 =  _X038 &  _X047;
  _X038  = EXP(!A22 & !B22);
  _X047  = EXP( A22 &  B22);

-- Node name is '|LPM_ADD_SUB:259|addcore:adder|addcore:adder2|tot_cin_node1~1' from file "addcore.tdf" line 375, column 29
-- Equation name is '_N051', type is buried 
-- synthesized logic cell 
_N051    = LCELL( _EQ081 $  GND);
  _EQ081 =  A16 &  B16 &  _X043
         #  _N006 &  _X043 &  _X044
         #  A17 &  B17;
  _X043  = EXP(!A17 & !B17);
  _X044  = EXP(!A16 & !B16);

-- Node name is '|LPM_ADD_SUB:259|addcore:adder|addcore:adder2|tot_cin_node3~1' from file "addcore.tdf" line 377, column 26
-- Equation name is '_N110', type is buried 
-- synthesized logic cell 
_N110    = LCELL( _EQ082 $  _N011);
  _EQ082 =  _N006 & !_N011 &  _X041 &  _X042 &  _X043 &  _X044;
  _X041  = EXP(!A19 & !B19);
  _X042  = EXP(!A18 & !B18);
  _X043  = EXP(!A17 & !B17);
  _X044  = EXP(!A16 & !B16);

-- Node name is '|LPM_ADD_SUB:259|addcore:adder|addcore:adder2|tot_cin_node6~1' from file "addcore.tdf" line 380, column 39
-- Equation name is '_N116', type is buried 
-- synthesized logic cell 
_N116    = LCELL( _EQ083 $  _N012);
  _EQ083 =  _N006 & !_N012 &  _X038 &  _X039 &  _X040 &  _X041 &  _X042 & 
              _X043 &  _X044
         #  _N011 & !_N012 &  _X038 &  _X039 &  _X040;
  _X038  = EXP(!A22 & !B22);
  _X039  = EXP(!A21 & !B21);
  _X040  = EXP(!A20 & !B20);
  _X041  = EXP(!A19 & !B19);
  _X042  = EXP(!A18 & !B18);
  _X043  = EXP(!A17 & !B17);
  _X044  = EXP(!A16 & !B16);

-- Node name is '|LPM_ADD_SUB:259|addcore:adder|addcore:adder2|~238~1' from file "addcore.tdf" line 387, column 29
-- Equation name is '_N103', type is buried 
-- synthesized logic cell 
_N103    = LCELL(!B16 $  A16);

-- Node name is '|LPM_ADD_SUB:259|addcore:adder|addcore:adder2|~239~1' from file "addcore.tdf" line 387, column 38
-- Equation name is '_N102', type is buried 
-- synthesized logic cell 
_N102    = LCELL(!_N006 $  _N103);

-- Node name is '|LPM_ADD_SUB:259|addcore:adder|addcore:adder2|~242~1' from file "addcore.tdf" line 392, column 42
-- Equation name is '_N052', type is buried 
-- synthesized logic cell 
_N052    = LCELL( _EQ084 $  GND);
  _EQ084 = !A16 & !B16 &  _X043 &  _X048 &  _X049
         # !_N006 &  _X043 &  _X048 &  _X049
         #  A16 &  B16 &  _X050
         #  _N006 &  _X044 &  _X050;
  _X043  = EXP(!A17 & !B17);
  _X048  = EXP( A17 &  B17);
  _X049  = EXP( A16 &  B16);
  _X050  = EXP(!_N053 & !_N054);
  _X044  = EXP(!A16 & !B16);

-- Node name is '|LPM_ADD_SUB:259|addcore:adder|addcore:adder2|~246~1' from file "addcore.tdf" line 390, column 27
-- Equation name is '_N111', type is buried 
-- synthesized logic cell 
_N111    = LCELL( _EQ085 $  VCC);
  _EQ085 =  _N006 &  _X041 &  _X042 &  _X043 &  _X044 &  _X045
         #  A19 &  B19 & !_N112 &  _X051
         # !A19 & !B19 & !_N112 &  _X051
         #  _N112 &  _X041 &  _X045;
  _X041  = EXP(!A19 & !B19);
  _X042  = EXP(!A18 & !B18);
  _X043  = EXP(!A17 & !B17);
  _X044  = EXP(!A16 & !B16);
  _X045  = EXP( A19 &  B19);
  _X051  = EXP( _N006 &  _X042 &  _X043 &  _X044);

-- Node name is '|LPM_ADD_SUB:259|addcore:adder|addcore:adder2|~249~1' from file "addcore.tdf" line 392, column 42
-- Equation name is '_N109', type is buried 
-- synthesized logic cell 
_N109    = LCELL( _EQ086 $  _N110);
  _EQ086 =  _X040 &  _X052;
  _X040  = EXP(!A20 & !B20);
  _X052  = EXP( A20 &  B20);

-- Node name is '|LPM_ADD_SUB:259|addcore:adder|addcore:adder2|~255~1' from file "addcore.tdf" line 392, column 42
-- Equation name is '_N117', type is buried 
-- synthesized logic cell 
_N117    = LCELL( _EQ087 $  GND);
  _EQ087 =  _N006 &  _X039 &  _X040 &  _X041 &  _X042 &  _X043 &  _X044 & 
              _X053
         # !_N011 & !_N118 &  _X038 &  _X047 &  _X054
         #  _N011 &  _X039 &  _X040 &  _X053
         # !_N118 &  _X038 &  _X047 &  _X055
         #  _N118 &  _X053;
  _X039  = EXP(!A21 & !B21);
  _X040  = EXP(!A20 & !B20);
  _X041  = EXP(!A19 & !B19);
  _X042  = EXP(!A18 & !B18);
  _X043  = EXP(!A17 & !B17);
  _X044  = EXP(!A16 & !B16);
  _X053  = EXP( _X038 &  _X047);
  _X038  = EXP(!A22 & !B22);
  _X047  = EXP( A22 &  B22);
  _X054  = EXP( _N006 & !_N054 & !_N107 & !_N119 & !_N120);
  _X055  = EXP(!_N113 & !_N121);

-- Node name is '|LPM_ADD_SUB:259|addcore:adder|addcore:adder2|~258~1' from file "addcore.tdf" line 392, column 42
-- Equation name is '_N115', type is buried 
-- synthesized logic cell 
_N115    = LCELL( _EQ088 $  _N116);
  _EQ088 =  _X036 &  _X037;
  _X036  = EXP(!A23 & !B23);
  _X037  = EXP( A23 &  B23);

-- Node name is '|LPM_ADD_SUB:259|addcore:adder|addcore:adder3|gcp2' from file "addcore.tdf" line 160, column 8
-- Equation name is '_N029', type is buried 
_N029    = LCELL( _EQ089 $  GND);
  _EQ089 =  A24 &  B24 &  _X056 &  _X057
         #  A25 &  B25 &  _X057
         #  A26 &  B26;
  _X056  = EXP(!A25 & !B25);
  _X057  = EXP(!A26 & !B26);

-- Node name is '|LPM_ADD_SUB:259|addcore:adder|addcore:adder3|gn3~1' from file "addcore.tdf" line 338, column 23
-- Equation name is '_N032', type is buried 
-- synthesized logic cell 
_N032    = LCELL( _EQ090 $  GND);
  _EQ090 =  A27 &  B27;

-- Node name is '|LPM_ADD_SUB:259|addcore:adder|addcore:adder3|gs2' from file "addcore.tdf" line 148, column 7
-- Equation name is '_N034', type is buried 
_N034    = LCELL( _EQ091 $  GND);
  _EQ091 =  A26 &  B26;

-- Node name is '|LPM_ADD_SUB:259|addcore:adder|addcore:adder3|g2cp2' from file "addcore.tdf" line 159, column 9
-- Equation name is '_N014', type is buried 
_N014    = LCELL( _EQ092 $  GND);
  _EQ092 =  A28 &  B28 &  _X058 &  _X059
         #  A29 &  B29 &  _X059
         #  A30 &  B30;
  _X058  = EXP(!A29 & !B29);
  _X059  = EXP(!A30 & !B30);

-- Node name is '|LPM_ADD_SUB:259|addcore:adder|addcore:adder3|g4' from file "addcore.tdf" line 158, column 5
-- Equation name is '_N013', type is buried 
_N013    = LCELL( _EQ093 $  GND);
  _EQ093 =  A24 &  B24 &  _X056 &  _X057 &  _X060
         #  A25 &  B25 &  _X057 &  _X060
         #  A26 &  B26 &  _X060
         #  A27 &  B27;
  _X056  = EXP(!A25 & !B25);
  _X057  = EXP(!A26 & !B26);
  _X060  = EXP(!A27 & !B27);

-- Node name is '|LPM_ADD_SUB:259|addcore:adder|addcore:adder3|ps2' from file "addcore.tdf" line 150, column 7
-- Equation name is '_N035', type is buried 
_N035    = LCELL( _EQ094 $  GND);
  _EQ094 = !A26 & !B26;

-- Node name is '|LPM_ADD_SUB:259|addcore:adder|addcore:adder3|ps3' from file "addcore.tdf" line 150, column 7
-- Equation name is '_N031', type is buried 
_N031    = LCELL( _EQ095 $  GND);
  _EQ095 = !A27 & !B27;

-- Node name is '|LPM_ADD_SUB:259|addcore:adder|addcore:adder3|result_node0' from file "addcore.tdf" line 164, column 16
-- Equation name is '_N042', type is buried 
_N042    = LCELL( _EQ096 $  _N005);
  _EQ096 = !A24 &  B24
         #  A24 & !B24;

-- Node name is '|LPM_ADD_SUB:259|addcore:adder|addcore:adder3|result_node1' from file "addcore.tdf" line 164, column 16
-- Equation name is '_N040', type is buried 
_N040    = LCELL( _EQ097 $  _EQ098);
  _EQ097 =  A24 &  B24
         #  _N005 &  _X061;
  _X061  = EXP(!A24 & !B24);
  _EQ098 =  _X056 &  _X062;
  _X056  = EXP(!A25 & !B25);
  _X062  = EXP( A25 &  B25);

-- Node name is '|LPM_ADD_SUB:259|addcore:adder|addcore:adder3|result_node4' from file "addcore.tdf" line 164, column 16
-- Equation name is '_N024', type is buried 
_N024    = LCELL( _EQ099 $  _EQ100);
  _EQ099 =  _N005 &  _X056 &  _X057 &  _X060 &  _X061
         #  _N013;
  _X056  = EXP(!A25 & !B25);
  _X057  = EXP(!A26 & !B26);
  _X060  = EXP(!A27 & !B27);
  _X061  = EXP(!A24 & !B24);
  _EQ100 =  _X063 &  _X064;
  _X063  = EXP( A28 &  B28);
  _X064  = EXP(!A28 & !B28);

-- Node name is '|LPM_ADD_SUB:259|addcore:adder|addcore:adder3|result_node5' from file "addcore.tdf" line 164, column 16
-- Equation name is '_N020', type is buried 
_N020    = LCELL( _EQ101 $  _EQ102);
  _EQ101 =  _N005 &  _X056 &  _X057 &  _X060 &  _X061 &  _X064
         #  A28 &  B28
         #  _N013 &  _X064;
  _X056  = EXP(!A25 & !B25);
  _X057  = EXP(!A26 & !B26);
  _X060  = EXP(!A27 & !B27);
  _X061  = EXP(!A24 & !B24);
  _X064  = EXP(!A28 & !B28);
  _EQ102 =  _X058 &  _X065;
  _X058  = EXP(!A29 & !B29);
  _X065  = EXP( A29 &  B29);

-- Node name is '|LPM_ADD_SUB:259|addcore:adder|addcore:adder3|result_node6' from file "addcore.tdf" line 164, column 16
-- Equation name is '_N016', type is buried 
_N016    = LCELL( _EQ103 $  _EQ104);
  _EQ103 =  _N005 &  _X056 &  _X057 &  _X058 &  _X060 &  _X061 &  _X064
         #  A28 &  B28 &  _X058
         #  _N013 &  _X058 &  _X064
         #  A29 &  B29;
  _X056  = EXP(!A25 & !B25);
  _X057  = EXP(!A26 & !B26);
  _X058  = EXP(!A29 & !B29);
  _X060  = EXP(!A27 & !B27);
  _X061  = EXP(!A24 & !B24);
  _X064  = EXP(!A28 & !B28);
  _EQ104 =  _X059 &  _X066;
  _X059  = EXP(!A30 & !B30);
  _X066  = EXP( A30 &  B30);

-- Node name is '|LPM_ADD_SUB:259|addcore:adder|addcore:adder3|result_node7' from file "addcore.tdf" line 164, column 16
-- Equation name is '_N004', type is buried 
_N004    = LCELL( _EQ105 $  _EQ106);
  _EQ105 =  _N005 &  _X056 &  _X057 &  _X058 &  _X059 &  _X060 &  _X061 & 
              _X064
         #  _N013 &  _X058 &  _X059 &  _X064
         #  _N014;
  _X056  = EXP(!A25 & !B25);
  _X057  = EXP(!A26 & !B26);
  _X058  = EXP(!A29 & !B29);
  _X059  = EXP(!A30 & !B30);
  _X060  = EXP(!A27 & !B27);
  _X061  = EXP(!A24 & !B24);
  _X064  = EXP(!A28 & !B28);
  _EQ106 =  _X067 &  _X068;
  _X067  = EXP(!A31 & !B31);
  _X068  = EXP( A31 &  B31);

-- Node name is '|LPM_ADD_SUB:259|addcore:adder|addcore:adder3|tot_cin_node2~1' from file "addcore.tdf" line 376, column 30
-- Equation name is '_N028', type is buried 
-- synthesized logic cell 
_N028    = LCELL( _EQ107 $  _N029);
  _EQ107 =  _N005 & !_N029 &  _X056 &  _X057 &  _X061;
  _X056  = EXP(!A25 & !B25);
  _X057  = EXP(!A26 & !B26);
  _X061  = EXP(!A24 & !B24);

-- Node name is '|LPM_ADD_SUB:259|addcore:adder|addcore:adder3|~245~1' from file "addcore.tdf" line 392, column 42
-- Equation name is '_N033', type is buried 
-- synthesized logic cell 
_N033    = LCELL( _EQ108 $  GND);
  _EQ108 =  _X057 &  _X062 &  _X069 &  _X070 &  _X071
         # !A25 & !B25 &  _X057 &  _X062 &  _X069
         #  A24 &  B24 &  _X056 &  _X072
         #  _N005 &  _X056 &  _X061 &  _X072
         #  A25 &  B25 &  _X072;
  _X057  = EXP(!A26 & !B26);
  _X062  = EXP( A25 &  B25);
  _X069  = EXP( A26 &  B26);
  _X070  = EXP( A24 &  B24);
  _X071  = EXP( _N005 &  _X061);
  _X056  = EXP(!A25 & !B25);
  _X072  = EXP(!_N034 & !_N035);
  _X061  = EXP(!A24 & !B24);

-- Node name is '|LPM_ADD_SUB:259|addcore:adder|addcore:adder3|~246~1' from file "addcore.tdf" line 390, column 27
-- Equation name is '_N030', type is buried 
-- synthesized logic cell 
_N030    = LCELL( _EQ109 $  _N028);
  _EQ109 =  _X060 &  _X073;
  _X060  = EXP(!A27 & !B27);
  _X073  = EXP( A27 &  B27);

-- Node name is '~262~1' 
-- Equation name is '~262~1', type is buried 
-- synthesized logic cell 
_N002    = LCELL( _EQ110 $  GND);
  _EQ110 =  _N003 &  _X074;
  _X074  = EXP(!_N015 & !_N017);

-- Node name is '~266~1' 
-- Equation name is '~266~1', type is buried 
-- synthesized logic cell 
_N003    = LCELL(!UMBRAL31 $  _N004);

-- Node name is '~270~1' 
-- Equation name is '~270~1', type is buried 
-- synthesized logic cell 
_N015    = LCELL( _EQ111 $  GND);
  _EQ111 =  _N016 & !UMBRAL30;

-- Node name is '~271~1' 
-- Equation name is '~271~1', type is buried 
-- synthesized logic cell 
_N017    = LCELL( _EQ112 $  GND);
  _EQ112 =  _N018 &  _X075;
  _X075  = EXP(!_N019 & !_N021);

-- Node name is '~273~1' 
-- Equation name is '~273~1', type is buried 
-- synthesized logic cell 
_N018    = LCELL(!UMBRAL30 $  _N016);

-- Node name is '~275~1' 
-- Equation name is '~275~1', type is buried 
-- synthesized logic cell 
_N019    = LCELL( _EQ113 $  GND);
  _EQ113 =  _N020 & !UMBRAL29;

-- Node name is '~276~1' 
-- Equation name is '~276~1', type is buried 
-- synthesized logic cell 
_N021    = LCELL( _EQ114 $  GND);
  _EQ114 =  _N022 &  _X076;
  _X076  = EXP(!_N023 & !_N025);

-- Node name is '~278~1' 
-- Equation name is '~278~1', type is buried 
-- synthesized logic cell 
_N022    = LCELL(!UMBRAL29 $  _N020);

-- Node name is '~280~1' 
-- Equation name is '~280~1', type is buried 
-- synthesized logic cell 
_N023    = LCELL( _EQ115 $  GND);
  _EQ115 =  _N024 & !UMBRAL28;

-- Node name is '~281~1' 
-- Equation name is '~281~1', type is buried 
-- synthesized logic cell 
_N025    = LCELL( _EQ116 $  GND);
  _EQ116 =  _N026 &  _N027;

-- Node name is '~283~1' 
-- Equation name is '~283~1', type is buried 
-- synthesized logic cell 
_N026    = LCELL(!UMBRAL28 $  _N024);

-- Node name is '~284~1' 
-- Equation name is '~284~1', type is buried 
-- synthesized logic cell 
_N027    = LCELL( _EQ117 $  VCC);
  _EQ117 = !_N028 & !_N030 & !UMBRAL27 &  _X060 &  _X073
         #  _N028 &  UMBRAL27 &  _X060 &  _X073
         #  _N028 & !_N030 & !UMBRAL27 &  _X077
         # !_N028 &  UMBRAL27 &  _X077
         #  _X078 &  _X079 &  _X080;
  _X060  = EXP(!A27 & !B27);
  _X073  = EXP( A27 &  B27);
  _X077  = EXP(!_N031 & !_N032);
  _X078  = EXP( _N033 & !UMBRAL26);
  _X079  = EXP( _N030 & !UMBRAL27);
  _X080  = EXP( _N036 &  _N037);

-- Node name is '~293~1' 
-- Equation name is '~293~1', type is buried 
-- synthesized logic cell 
_N036    = LCELL(!UMBRAL26 $  _N033);

-- Node name is '~294~1' 
-- Equation name is '~294~1', type is buried 
-- synthesized logic cell 
_N037    = LCELL( _EQ118 $  VCC);
  _EQ118 = !_N038 &  _X081;
  _X081  = EXP( _N040 & !UMBRAL25);

-- Node name is '~296~1' 
-- Equation name is '~296~1', type is buried 
-- synthesized logic cell 
_N038    = LCELL( _EQ119 $  GND);
  _EQ119 =  _N039 &  _X082;
  _X082  = EXP(!_N041 & !_N043);

-- Node name is '~298~1' 
-- Equation name is '~298~1', type is buried 
-- synthesized logic cell 
_N039    = LCELL(!UMBRAL25 $  _N040);

-- Node name is '~300~1' 
-- Equation name is '~300~1', type is buried 
-- synthesized logic cell 
_N041    = LCELL( _EQ120 $  GND);
  _EQ120 =  _N042 & !UMBRAL24;

-- Node name is '~301~1' 
-- Equation name is '~301~1', type is buried 
-- synthesized logic cell 
_N043    = LCELL( _EQ121 $  VCC);
  _EQ121 = !_N141 & !_N145 &  _X083 &  _X084 &  _X085 &  _X086;
  _X083  = EXP(!A23 & !B23 &  _N042 &  _N116 & !UMBRAL23 &  UMBRAL24);
  _X084  = EXP( A23 &  B23 &  _N042 &  _N116 & !UMBRAL23 &  UMBRAL24);
  _X085  = EXP(!A23 & !B23 & !_N042 &  _N116 & !UMBRAL23 & !UMBRAL24);
  _X086  = EXP( A23 &  B23 & !_N042 &  _N116 & !UMBRAL23 & !UMBRAL24);

-- Node name is '~301~2' 
-- Equation name is '~301~2', type is buried 
-- synthesized logic cell 
_N141    = LCELL( _EQ122 $  GND);
  _EQ122 =  _N042 &  _N044 &  _N046 &  _N115 &  UMBRAL23 &  UMBRAL24
         #  _N042 &  _N115 &  _N117 & !UMBRAL22 &  UMBRAL23 &  UMBRAL24
         #  _N042 &  _N044 &  _N046 & !_N115 & !UMBRAL23 &  UMBRAL24
         # !_N042 &  _N044 &  _N046 &  _N115 &  UMBRAL23 & !UMBRAL24
         #  _N042 & !_N115 &  _N117 & !UMBRAL22 & !UMBRAL23 &  UMBRAL24;

-- Node name is '~301~3' 
-- Equation name is '~301~3', type is buried 
-- synthesized logic cell 
_N145    = LCELL( _EQ123 $  GND);
  _EQ123 = !_N042 &  _N115 &  _N117 & !UMBRAL22 &  UMBRAL23 & !UMBRAL24
         #  _N042 & !_N116 & !_N122 & !_N123 & !UMBRAL23 &  UMBRAL24
         # !_N042 &  _N044 &  _N046 & !_N115 & !UMBRAL23 & !UMBRAL24
         # !_N042 & !_N115 &  _N117 & !UMBRAL22 & !UMBRAL23 & !UMBRAL24
         # !_N042 & !_N116 & !_N122 & !_N123 & !UMBRAL23 & !UMBRAL24;

-- Node name is '~313~1' 
-- Equation name is '~313~1', type is buried 
-- synthesized logic cell 
_N044    = LCELL(!UMBRAL22 $  _N045);

-- Node name is '~314~1' 
-- Equation name is '~314~1', type is buried 
-- synthesized logic cell 
_N046    = LCELL( _EQ124 $  VCC);
  _EQ124 = !_N139 & !_N142 & !_N148;

-- Node name is '~314~2' 
-- Equation name is '~314~2', type is buried 
-- synthesized logic cell 
_N139    = LCELL( _EQ125 $  GND);
  _EQ125 =  _N047 & !UMBRAL21
         #  _N047 &  _N048 &  _N050 &  _N109 &  UMBRAL20 &  UMBRAL21
         #  _N047 &  _N109 &  _N111 & !UMBRAL19 &  UMBRAL20 &  UMBRAL21
         #  _N047 &  _N048 &  _N050 & !_N109 & !UMBRAL20 &  UMBRAL21
         # !_N047 &  _N048 &  _N050 &  _N109 &  UMBRAL20 & !UMBRAL21;

-- Node name is '~314~3' 
-- Equation name is '~314~3', type is buried 
-- synthesized logic cell 
_N142    = LCELL( _EQ126 $  GND);
  _EQ126 =  _N047 & !_N109 &  _N111 & !UMBRAL19 & !UMBRAL20 &  UMBRAL21
         # !_N047 &  _N109 &  _N111 & !UMBRAL19 &  UMBRAL20 & !UMBRAL21
         #  _N047 & !_N110 & !_N113 & !_N114 & !UMBRAL20 &  UMBRAL21
         # !_N047 &  _N048 &  _N050 & !_N109 & !UMBRAL20 & !UMBRAL21
         # !_N047 & !_N109 &  _N111 & !UMBRAL19 & !UMBRAL20 & !UMBRAL21;

-- Node name is '~314~4' 
-- Equation name is '~314~4', type is buried 
-- synthesized logic cell 
_N148    = LCELL( _EQ127 $  GND);
  _EQ127 = !_N047 & !_N110 & !_N113 & !_N114 & !UMBRAL20 & !UMBRAL21
         # !A20 & !B20 &  _N047 &  _N110 & !UMBRAL20 &  UMBRAL21
         #  A20 &  B20 &  _N047 &  _N110 & !UMBRAL20 &  UMBRAL21
         # !A20 & !B20 & !_N047 &  _N110 & !UMBRAL20 & !UMBRAL21
         #  A20 &  B20 & !_N047 &  _N110 & !UMBRAL20 & !UMBRAL21;

-- Node name is '~328~1' 
-- Equation name is '~328~1', type is buried 
-- synthesized logic cell 
_N048    = LCELL(!UMBRAL19 $  _N049);

-- Node name is '~329~1' 
-- Equation name is '~329~1', type is buried 
-- synthesized logic cell 
_N050    = LCELL( _EQ128 $  VCC);
  _EQ128 =  _N051 & !_N124 & !_N146 &  _X042 &  _X087 &  _X088 &  _X089 & 
              _X090
         # !_N051 & !_N124 & !_N146 &  _X088 &  _X089 &  _X090 &  _X091
         # !_N124 & !_N146 &  UMBRAL18 &  _X088 &  _X089 &  _X090
         #  _N051 &  UMBRAL18 &  _X042 &  _X087
         # !_N051 &  UMBRAL18 &  _X091;
  _X042  = EXP(!A18 & !B18);
  _X087  = EXP( A18 &  B18);
  _X088  = EXP(!_N006 &  _N052 & !_N103 & !UMBRAL16 &  UMBRAL17);
  _X089  = EXP( _N006 & !_N052 &  _N103 & !UMBRAL16 & !UMBRAL17);
  _X090  = EXP(!_N006 & !_N052 & !_N103 & !UMBRAL16 & !UMBRAL17);
  _X091  = EXP(!_N107 & !_N108);

-- Node name is '~329~2' 
-- Equation name is '~329~2', type is buried 
-- synthesized logic cell 
_N124    = LCELL( _EQ129 $  GND);
  _EQ129 =  _N052 & !UMBRAL17
         #  _N052 &  _N055 &  _N057 &  _N102 &  UMBRAL16 &  UMBRAL17
         #  _N052 &  _N102 &  _N104 & !UMBRAL15 &  UMBRAL16 &  UMBRAL17
         #  _N052 &  _N055 &  _N057 & !_N102 & !UMBRAL16 &  UMBRAL17
         # !_N052 &  _N055 &  _N057 &  _N102 &  UMBRAL16 & !UMBRAL17;

-- Node name is '~329~3' 
-- Equation name is '~329~3', type is buried 
-- synthesized logic cell 
_N146    = LCELL( _EQ130 $  GND);
  _EQ130 =  _N052 & !_N102 &  _N104 & !UMBRAL15 & !UMBRAL16 &  UMBRAL17
         # !_N052 &  _N102 &  _N104 & !UMBRAL15 &  UMBRAL16 & !UMBRAL17
         # !_N052 &  _N055 &  _N057 & !_N102 & !UMBRAL16 & !UMBRAL17
         # !_N052 & !_N102 &  _N104 & !UMBRAL15 & !UMBRAL16 & !UMBRAL17
         #  _N006 &  _N052 &  _N103 & !UMBRAL16 &  UMBRAL17;

-- Node name is '~348~1' 
-- Equation name is '~348~1', type is buried 
-- synthesized logic cell 
_N055    = LCELL(!UMBRAL15 $  _N056);

-- Node name is '~349~1' 
-- Equation name is '~349~1', type is buried 
-- synthesized logic cell 
_N057    = LCELL( _EQ131 $  VCC);
  _EQ131 =  _N058 & !_N125 & !_N126 & !_N127 & !_N128 & !_N129 & !_N130 & 
             !_N131 & !_N147 &  _X021 &  _X092 &  _X093 &  _X094 &  _X095
         # !_N058 & !_N125 & !_N126 & !_N127 & !_N128 & !_N129 & !_N130 & 
             !_N131 & !_N147 &  _X093 &  _X094 &  _X095 &  _X096
         # !_N125 & !_N126 & !_N127 & !_N128 & !_N129 & !_N130 & !_N131 & 
             !_N147 &  UMBRAL14 &  _X093 &  _X094 &  _X095
         #  _N058 &  UMBRAL14 &  _X021 &  _X092
         # !_N058 &  UMBRAL14 &  _X096;
  _X021  = EXP(!A14 & !B14);
  _X092  = EXP( A14 &  B14);
  _X093  = EXP( A12 & !A13 &  B12 & !B13 & !_N061 &  _N095 & !UMBRAL12 & 
             !UMBRAL13);
  _X094  = EXP(!A12 & !A13 & !B12 & !B13 & !_N061 &  _N095 & !UMBRAL12 & 
             !UMBRAL13);
  _X095  = EXP( A12 &  A13 &  B12 &  B13 & !_N061 &  _N095 & !UMBRAL12 & 
             !UMBRAL13);
  _X096  = EXP(!_N100 & !_N101);

-- Node name is '~349~2' 
-- Equation name is '~349~2', type is buried 
-- synthesized logic cell 
_N125    = LCELL( _EQ132 $  GND);
  _EQ132 =  _N060 & !UMBRAL13
         #  _N061 &  _N062 &  _N064 & !_N092 & !_N093 &  _N094 &  UMBRAL12 & 
             !UMBRAL13
         # !_N061 &  _N062 &  _N064 & !_N092 & !_N093 &  _N094 &  UMBRAL12 & 
              UMBRAL13
         #  _N061 & !_N092 & !_N093 &  _N094 &  _N096 & !UMBRAL11 &  UMBRAL12 & 
             !UMBRAL13
         # !_N061 & !_N092 & !_N093 &  _N094 &  _N096 & !UMBRAL11 &  UMBRAL12 & 
              UMBRAL13;

-- Node name is '~349~3' 
-- Equation name is '~349~3', type is buried 
-- synthesized logic cell 
_N126    = LCELL( _EQ133 $  GND);
  _EQ133 =  _N061 &  _N062 &  _N064 & !_N092 & !_N093 & !_N094 & !UMBRAL12 & 
             !UMBRAL13
         # !_N061 &  _N062 &  _N064 & !_N092 & !_N093 & !_N094 & !UMBRAL12 & 
              UMBRAL13
         #  _N061 & !_N092 & !_N093 & !_N094 &  _N096 & !UMBRAL11 & !UMBRAL12 & 
             !UMBRAL13
         # !_N061 & !_N092 & !_N093 & !_N094 &  _N096 & !UMBRAL11 & !UMBRAL12 & 
              UMBRAL13
         #  _N061 & !_N092 & !_N093 & !_N095 & !_N098 & !_N099 & !UMBRAL12 & 
             !UMBRAL13;

-- Node name is '~349~4' 
-- Equation name is '~349~4', type is buried 
-- synthesized logic cell 
_N127    = LCELL( _EQ134 $  GND);
  _EQ134 = !_N061 & !_N092 & !_N093 & !_N095 & !_N098 & !_N099 & !UMBRAL12 & 
              UMBRAL13
         # !A13 & !B13 &  _N061 &  _N062 &  _N064 &  _N094 &  UMBRAL12 & 
              UMBRAL13
         #  A13 &  B13 &  _N061 &  _N062 &  _N064 &  _N094 &  UMBRAL12 & 
              UMBRAL13
         # !A13 & !B13 &  _N061 &  _N094 &  _N096 & !UMBRAL11 &  UMBRAL12 & 
              UMBRAL13
         #  A13 &  B13 &  _N061 &  _N094 &  _N096 & !UMBRAL11 &  UMBRAL12 & 
              UMBRAL13;

-- Node name is '~349~5' 
-- Equation name is '~349~5', type is buried 
-- synthesized logic cell 
_N128    = LCELL( _EQ135 $  GND);
  _EQ135 = !A13 & !B13 &  _N061 &  _N062 &  _N064 & !_N094 & !UMBRAL12 & 
              UMBRAL13
         #  A13 &  B13 &  _N061 &  _N062 &  _N064 & !_N094 & !UMBRAL12 & 
              UMBRAL13
         #  A13 &  B13 & !_N061 &  _N062 &  _N064 &  _N094 &  UMBRAL12 & 
             !UMBRAL13
         # !A13 & !B13 & !_N061 &  _N062 &  _N064 &  _N094 &  UMBRAL12 & 
             !UMBRAL13
         # !A13 & !B13 &  _N061 & !_N094 &  _N096 & !UMBRAL11 & !UMBRAL12 & 
              UMBRAL13;

-- Node name is '~349~6' 
-- Equation name is '~349~6', type is buried 
-- synthesized logic cell 
_N129    = LCELL( _EQ136 $  GND);
  _EQ136 =  A13 &  B13 &  _N061 & !_N094 &  _N096 & !UMBRAL11 & !UMBRAL12 & 
              UMBRAL13
         #  A13 &  B13 & !_N061 &  _N094 &  _N096 & !UMBRAL11 &  UMBRAL12 & 
             !UMBRAL13
         # !A13 & !B13 & !_N061 &  _N094 &  _N096 & !UMBRAL11 &  UMBRAL12 & 
             !UMBRAL13
         # !A12 & !B12 &  _N061 & !_N092 & !_N093 &  _N095 & !UMBRAL12 & 
             !UMBRAL13
         #  A12 &  B12 &  _N061 & !_N092 & !_N093 &  _N095 & !UMBRAL12 & 
             !UMBRAL13;

-- Node name is '~349~7' 
-- Equation name is '~349~7', type is buried 
-- synthesized logic cell 
_N130    = LCELL( _EQ137 $  GND);
  _EQ137 = !A12 & !B12 & !_N061 & !_N092 & !_N093 &  _N095 & !UMBRAL12 & 
              UMBRAL13
         #  A12 &  B12 & !_N061 & !_N092 & !_N093 &  _N095 & !UMBRAL12 & 
              UMBRAL13
         # !A13 & !B13 &  _N061 & !_N095 & !_N098 & !_N099 & !UMBRAL12 & 
              UMBRAL13
         #  A13 &  B13 &  _N061 & !_N095 & !_N098 & !_N099 & !UMBRAL12 & 
              UMBRAL13
         #  A13 &  B13 & !_N061 &  _N062 &  _N064 & !_N094 & !UMBRAL12 & 
             !UMBRAL13;

-- Node name is '~349~8' 
-- Equation name is '~349~8', type is buried 
-- synthesized logic cell 
_N131    = LCELL( _EQ138 $  GND);
  _EQ138 = !A13 & !B13 & !_N061 &  _N062 &  _N064 & !_N094 & !UMBRAL12 & 
             !UMBRAL13
         #  A13 &  B13 & !_N061 & !_N094 &  _N096 & !UMBRAL11 & !UMBRAL12 & 
             !UMBRAL13
         # !A13 & !B13 & !_N061 & !_N094 &  _N096 & !UMBRAL11 & !UMBRAL12 & 
             !UMBRAL13
         #  A13 &  B13 & !_N061 & !_N095 & !_N098 & !_N099 & !UMBRAL12 & 
             !UMBRAL13
         # !A13 & !B13 & !_N061 & !_N095 & !_N098 & !_N099 & !UMBRAL12 & 
             !UMBRAL13;

-- Node name is '~349~9' 
-- Equation name is '~349~9', type is buried 
-- synthesized logic cell 
_N147    = LCELL( _EQ139 $  GND);
  _EQ139 = !A12 & !A13 & !B12 & !B13 &  _N061 &  _N095 & !UMBRAL12 & 
              UMBRAL13
         #  A12 & !A13 &  B12 & !B13 &  _N061 &  _N095 & !UMBRAL12 & 
              UMBRAL13
         # !A12 &  A13 & !B12 &  B13 &  _N061 &  _N095 & !UMBRAL12 & 
              UMBRAL13
         #  A12 &  A13 &  B12 &  B13 &  _N061 &  _N095 & !UMBRAL12 & 
              UMBRAL13
         # !A12 &  A13 & !B12 &  B13 & !_N061 &  _N095 & !UMBRAL12 & 
             !UMBRAL13;

-- Node name is '~368~1' 
-- Equation name is '~368~1', type is buried 
-- synthesized logic cell 
_N062    = LCELL(!UMBRAL11 $  _N063);

-- Node name is '~369~1' 
-- Equation name is '~369~1', type is buried 
-- synthesized logic cell 
_N064    = LCELL( _EQ140 $  VCC);
  _EQ140 = !_N132 & !_N144 &  _X097 &  _X098 &  _X099 &  _X100
         # !_N065 & !_N068 & !UMBRAL10 &  _X019 &  _X101
         #  _N068 &  UMBRAL10 &  _X019 &  _X101
         # !_N065 &  _N068 & !UMBRAL10 &  _X102
         # !_N068 &  UMBRAL10 &  _X102;
  _X097  = EXP( _N007 &  _N069 &  _N089 & !UMBRAL8 &  UMBRAL9);
  _X098  = EXP(!_N007 &  _N069 & !_N089 & !UMBRAL8 &  UMBRAL9);
  _X099  = EXP( _N007 & !_N069 &  _N089 & !UMBRAL8 & !UMBRAL9);
  _X100  = EXP(!_N007 & !_N069 & !_N089 & !UMBRAL8 & !UMBRAL9);
  _X019  = EXP(!A10 & !B10);
  _X101  = EXP( A10 &  B10);
  _X102  = EXP(!_N066 & !_N067);

-- Node name is '~369~2' 
-- Equation name is '~369~2', type is buried 
-- synthesized logic cell 
_N132    = LCELL( _EQ141 $  GND);
  _EQ141 =  _N065 & !UMBRAL10
         #  _N069 & !UMBRAL9
         #  _N069 &  _N072 &  _N074 &  _N088 &  UMBRAL8 &  UMBRAL9
         #  _N069 &  _N088 &  _N090 & !UMBRAL7 &  UMBRAL8 &  UMBRAL9
         #  _N069 &  _N072 &  _N074 & !_N088 & !UMBRAL8 &  UMBRAL9;

-- Node name is '~369~3' 
-- Equation name is '~369~3', type is buried 
-- synthesized logic cell 
_N144    = LCELL( _EQ142 $  GND);
  _EQ142 = !_N069 &  _N072 &  _N074 &  _N088 &  UMBRAL8 & !UMBRAL9
         #  _N069 & !_N088 &  _N090 & !UMBRAL7 & !UMBRAL8 &  UMBRAL9
         # !_N069 &  _N088 &  _N090 & !UMBRAL7 &  UMBRAL8 & !UMBRAL9
         # !_N069 &  _N072 &  _N074 & !_N088 & !UMBRAL8 & !UMBRAL9
         # !_N069 & !_N088 &  _N090 & !UMBRAL7 & !UMBRAL8 & !UMBRAL9;

-- Node name is '~388~1' 
-- Equation name is '~388~1', type is buried 
-- synthesized logic cell 
_N072    = LCELL(!UMBRAL7 $  _N073);

-- Node name is '~389~1' 
-- Equation name is '~389~1', type is buried 
-- synthesized logic cell 
_N074    = LCELL( _EQ143 $  VCC);
  _EQ143 = !_N075 &  _N083 &  _X004 &  _X103 &  _X104
         #  _N083 &  UMBRAL6 &  _X004 &  _X103
         # !_N075 & !_N083 &  _X104 &  _X105
         # !_N075 &  UMBRAL6 &  _X104
         # !_N083 &  UMBRAL6 &  _X105;
  _X004  = EXP(!A6 & !B6);
  _X103  = EXP( A6 &  B6);
  _X104  = EXP( _N085 & !UMBRAL5);
  _X105  = EXP(!_N086 & !_N087);

-- Node name is '~396~1' 
-- Equation name is '~396~1', type is buried 
-- synthesized logic cell 
_N075    = LCELL( _EQ144 $  _EQ145);
  _EQ144 = !_N133 & !_N134 & !_N135 & !_N136 & !_N137 & !_N138 & !_N140 & 
             !_N143 & !_N149 &  UMBRAL0 &  UMBRAL1 &  UMBRAL2 &  UMBRAL3 & 
              UMBRAL4
         # !_N078 & !_N133 & !_N134 & !_N135 & !_N136 & !_N137 & !_N138 & 
             !_N140 & !_N143 & !_N149 &  UMBRAL0 &  UMBRAL1 &  UMBRAL2 & 
              UMBRAL3
         # !_N079 & !_N133 & !_N134 & !_N135 & !_N136 & !_N137 & !_N138 & 
             !_N140 & !_N143 & !_N149 &  UMBRAL0 &  UMBRAL1 &  UMBRAL2 & 
              UMBRAL4
         # !_N081 & !_N133 & !_N134 & !_N135 & !_N136 & !_N137 & !_N138 & 
             !_N140 & !_N143 & !_N149 &  UMBRAL0 &  UMBRAL1 &  UMBRAL3 & 
              UMBRAL4;
  _EQ145 = !_N133 & !_N134 & !_N135 & !_N136 & !_N137 & !_N138 & !_N140 & 
             !_N143 & !_N149;

-- Node name is '~396~2' 
-- Equation name is '~396~2', type is buried 
-- synthesized logic cell 
_N133    = LCELL( _EQ146 $  GND);
  _EQ146 = !_N076 &  UMBRAL1 &  UMBRAL2 &  UMBRAL3 &  UMBRAL4
         # !_N076 &  UMBRAL0 &  UMBRAL2 &  UMBRAL3 &  UMBRAL4
         # !_N077 &  UMBRAL1 &  UMBRAL2 &  UMBRAL3 &  UMBRAL4
         # !_N078 & !_N079 &  UMBRAL0 &  UMBRAL1 &  UMBRAL2
         # !_N078 & !_N081 &  UMBRAL0 &  UMBRAL1 &  UMBRAL3;

-- Node name is '~396~3' 
-- Equation name is '~396~3', type is buried 
-- synthesized logic cell 
_N134    = LCELL( _EQ147 $  GND);
  _EQ147 = !_N076 & !_N078 &  UMBRAL1 &  UMBRAL2 &  UMBRAL3
         # !_N076 & !_N078 &  UMBRAL0 &  UMBRAL2 &  UMBRAL3
         # !_N077 & !_N078 &  UMBRAL1 &  UMBRAL2 &  UMBRAL3
         # !_N079 & !_N081 &  UMBRAL0 &  UMBRAL1 &  UMBRAL4
         # !_N076 & !_N079 &  UMBRAL1 &  UMBRAL2 &  UMBRAL4;

-- Node name is '~396~4' 
-- Equation name is '~396~4', type is buried 
-- synthesized logic cell 
_N135    = LCELL( _EQ148 $  GND);
  _EQ148 = !_N076 & !_N079 &  UMBRAL0 &  UMBRAL2 &  UMBRAL4
         # !_N077 & !_N079 &  UMBRAL1 &  UMBRAL2 &  UMBRAL4
         # !_N076 & !_N081 &  UMBRAL1 &  UMBRAL3 &  UMBRAL4
         # !_N076 & !_N081 &  UMBRAL0 &  UMBRAL3 &  UMBRAL4
         # !_N077 & !_N081 &  UMBRAL1 &  UMBRAL3 &  UMBRAL4;

-- Node name is '~396~5' 
-- Equation name is '~396~5', type is buried 
-- synthesized logic cell 
_N136    = LCELL( _EQ149 $  GND);
  _EQ149 = !_N076 & !_N077 &  UMBRAL2 &  UMBRAL3 &  UMBRAL4
         # !_N078 & !_N079 & !_N081 &  UMBRAL0 &  UMBRAL1
         # !_N076 & !_N078 & !_N079 &  UMBRAL1 &  UMBRAL2
         # !_N076 & !_N078 & !_N079 &  UMBRAL0 &  UMBRAL2
         # !_N077 & !_N078 & !_N079 &  UMBRAL1 &  UMBRAL2;

-- Node name is '~396~6' 
-- Equation name is '~396~6', type is buried 
-- synthesized logic cell 
_N137    = LCELL( _EQ150 $  GND);
  _EQ150 = !_N076 & !_N078 & !_N081 &  UMBRAL1 &  UMBRAL3
         # !_N076 & !_N078 & !_N081 &  UMBRAL0 &  UMBRAL3
         # !_N077 & !_N078 & !_N081 &  UMBRAL1 &  UMBRAL3
         # !_N076 & !_N077 & !_N078 &  UMBRAL2 &  UMBRAL3
         # !_N076 & !_N079 & !_N081 &  UMBRAL1 &  UMBRAL4;

-- Node name is '~396~7' 
-- Equation name is '~396~7', type is buried 
-- synthesized logic cell 
_N138    = LCELL( _EQ151 $  GND);
  _EQ151 = !_N076 & !_N079 & !_N081 &  UMBRAL0 &  UMBRAL4
         # !_N077 & !_N079 & !_N081 &  UMBRAL1 &  UMBRAL4
         # !_N076 & !_N077 & !_N079 &  UMBRAL2 &  UMBRAL4
         # !_N076 & !_N077 & !_N081 &  UMBRAL3 &  UMBRAL4
         # !_N076 & !_N078 & !_N079 & !_N081 &  UMBRAL1;

-- Node name is '~396~8' 
-- Equation name is '~396~8', type is buried 
-- synthesized logic cell 
_N140    = LCELL( _EQ152 $  GND);
  _EQ152 = !_N076 & !_N078 & !_N079 & !_N081 &  UMBRAL0
         # !_N077 & !_N078 & !_N079 & !_N081 &  UMBRAL1
         # !_N076 & !_N077 & !_N078 & !_N079 &  UMBRAL2
         # !_N076 & !_N077 & !_N078 & !_N081 &  UMBRAL3
         # !_N076 & !_N077 & !_N079 & !_N081 &  UMBRAL4;

-- Node name is '~396~9' 
-- Equation name is '~396~9', type is buried 
-- synthesized logic cell 
_N143    = LCELL( _EQ153 $  GND);
  _EQ153 = !_N076 & !_N077 & !_N078 & !_N079 & !_N081
         # !_N081 &  UMBRAL2 &  UMBRAL3 &  UMBRAL4
         # !_N078 & !_N081 &  UMBRAL2 &  UMBRAL3
         # !_N079 & !_N081 &  UMBRAL2 &  UMBRAL4
         # !_N078 & !_N079 & !_N081 &  UMBRAL2;

-- Node name is '~396~10' 
-- Equation name is '~396~10', type is buried 
-- synthesized logic cell 
_N149    = LCELL( _EQ154 $  GND);
  _EQ154 = !_N079 &  UMBRAL3 &  UMBRAL4
         # !_N078 & !_N079 &  UMBRAL3
         # !_N078 &  UMBRAL4
         #  _N082 & !UMBRAL5
         # !_N082 &  UMBRAL5;



--     Shareable expanders that are duplicated in multiple LABs:
--     (none)




Project Information                               i:\prj\vhdl\maxplus\ann1.rpt

** COMPILATION SETTINGS & TIMES **

Processing Menu Commands
------------------------

Design Doctor                             = off

Logic Synthesis:

   Synthesis Type Used                    = Standard

   Default Synthesis Style                = NORMAL

      Logic option settings in 'NORMAL' style for 'MAX7000' family

      DECOMPOSE_GATES                     = on
      DUPLICATE_LOGIC_EXTRACTION          = on
      MINIMIZATION                        = full
      MULTI_LEVEL_FACTORING               = on
      NOT_GATE_PUSH_BACK                  = on
      PARALLEL_EXPANDERS                  = off
      REDUCE_LOGIC                        = on
      REFACTORIZATION                     = on
      REGISTER_OPTIMIZATION               = on
      RESYNTHESIZE_NETWORK                = on
      SLOW_SLEW_RATE                      = off
      SOFT_BUFFER_INSERTION               = on
      SUBFACTOR_EXTRACTION                = on
      TURBO_BIT                           = on
      XOR_SYNTHESIS                       = on
      IGNORE_SOFT_BUFFERS                 = off
      USE_LPM_FOR_AHDL_OPERATORS          = off

   Other logic synthesis settings:

      Automatic Global Clock              = on
      Automatic Global Clear              = on
      Automatic Global Preset             = on
      Automatic Global Output Enable      = on
      Automatic Fast I/O                  = off
      Automatic Register Packing          = off
      Automatic Open-Drain Pins           = on
      Automatic Implement in EAB          = off
      One-Hot State Machine Encoding      = off
      Optimize                            = 5

Default Timing Specifications: None

Cut All Bidir Feedback Timing Paths       = on
Cut All Clear & Preset Timing Paths       = on

Ignore Timing Assignments                 = off

Functional SNF Extractor                  = off

Linked SNF Extractor                      = off
Timing SNF Extractor                      = on
Optimize Timing SNF                       = off
Generate AHDL TDO File                    = off
Fitter Settings                           = NORMAL
Smart Recompile                           = off
Total Recompile                           = off

Interfaces Menu Commands
------------------------

EDIF Netlist Writer                       = off
Verilog Netlist Writer                    = off
VHDL Netlist Writer                       = off

Compilation Times
-----------------

   Compiler Netlist Extractor             00:00:00
   Database Builder                       00:00:00
   Logic Synthesizer                      00:00:01
   Partitioner                            00:00:00
   Fitter                                 00:00:00
   --------------------------             --------
   Total Time                             00:00:01


Memory Allocated
-----------------

Peak memory allocated during compilation  = 4,969K
